Archive member included to satisfy reference by file (symbol)

c:/program files/microchip/xc32/v4.45/bin/bin/../../lib/gcc/pic32mx/8.3.1/../../../../pic32mx/lib\libpic32.a(default-bootstrap-exception-handler.o)
                              C:\Users\roeld\AppData\Local\Temp\ccN12fBi.o (_bootstrap_exception_handler)
c:/program files/microchip/xc32/v4.45/bin/bin/../../lib/gcc/pic32mx/8.3.1/../../../../pic32mx/lib\libpic32.a(default-on-reset.o)
                              C:\Users\roeld\AppData\Local\Temp\ccN12fBi.o (_on_reset)
c:/program files/microchip/xc32/v4.45/bin/bin/../../lib/gcc/pic32mx/8.3.1/../../../../pic32mx/lib\libpic32.a(default-on-bootstrap.o)
                              C:\Users\roeld\AppData\Local\Temp\ccN12fBi.o (_on_bootstrap)
c:/program files/microchip/xc32/v4.45/bin/bin/../../lib/gcc/pic32mx/8.3.1/../../../../pic32mx/lib\libpic32.a(default-nmi-handler.o)
                              C:\Users\roeld\AppData\Local\Temp\ccN12fBi.o (_nmi_handler)
c:/program files/microchip/xc32/v4.45/bin/bin/../../lib/gcc/pic32mx/8.3.1/../../../../pic32mx/lib\libpic32.a(pic32_data_init_core.o)
                              C:\Users\roeld\AppData\Local\Temp\ccN12fBi.o (__pic32_data_init)
c:/program files/microchip/xc32/v4.45/bin/bin/../../lib/gcc/pic32mx/8.3.1/../../../../pic32mx/lib\libpic32.a(general-exception.o)
                              C:\Users\roeld\AppData\Local\Temp\ccN12fBi.o (_general_exception_context)
c:/program files/microchip/xc32/v4.45/bin/bin/../../lib/gcc/pic32mx/8.3.1/../../../../pic32mx/lib\libpic32.a(vector0.o)
                              C:\Users\roeld\AppData\Local\Temp\ccxIoO5r.o (__vector_dispatch_0)
c:/program files/microchip/xc32/v4.45/bin/bin/../../lib/gcc/pic32mx/8.3.1/../../../../pic32mx/lib\libpic32.a(vector1.o)
                              C:\Users\roeld\AppData\Local\Temp\ccxIoO5r.o (__vector_dispatch_1)
c:/program files/microchip/xc32/v4.45/bin/bin/../../lib/gcc/pic32mx/8.3.1/../../../../pic32mx/lib\libpic32.a(vector2.o)
                              C:\Users\roeld\AppData\Local\Temp\ccxIoO5r.o (__vector_dispatch_2)
c:/program files/microchip/xc32/v4.45/bin/bin/../../lib/gcc/pic32mx/8.3.1/../../../../pic32mx/lib\libpic32.a(vector3.o)
                              C:\Users\roeld\AppData\Local\Temp\ccxIoO5r.o (__vector_dispatch_3)
c:/program files/microchip/xc32/v4.45/bin/bin/../../lib/gcc/pic32mx/8.3.1/../../../../pic32mx/lib\libpic32.a(vector4.o)
                              C:\Users\roeld\AppData\Local\Temp\ccxIoO5r.o (__vector_dispatch_4)
c:/program files/microchip/xc32/v4.45/bin/bin/../../lib/gcc/pic32mx/8.3.1/../../../../pic32mx/lib\libpic32.a(vector5.o)
                              C:\Users\roeld\AppData\Local\Temp\ccxIoO5r.o (__vector_dispatch_5)
c:/program files/microchip/xc32/v4.45/bin/bin/../../lib/gcc/pic32mx/8.3.1/../../../../pic32mx/lib\libpic32.a(vector6.o)
                              C:\Users\roeld\AppData\Local\Temp\ccxIoO5r.o (__vector_dispatch_6)
c:/program files/microchip/xc32/v4.45/bin/bin/../../lib/gcc/pic32mx/8.3.1/../../../../pic32mx/lib\libpic32.a(vector7.o)
                              C:\Users\roeld\AppData\Local\Temp\ccxIoO5r.o (__vector_dispatch_7)
c:/program files/microchip/xc32/v4.45/bin/bin/../../lib/gcc/pic32mx/8.3.1/../../../../pic32mx/lib\libpic32.a(vector8.o)
                              C:\Users\roeld\AppData\Local\Temp\ccxIoO5r.o (__vector_dispatch_8)
c:/program files/microchip/xc32/v4.45/bin/bin/../../lib/gcc/pic32mx/8.3.1/../../../../pic32mx/lib\libpic32.a(vector9.o)
                              C:\Users\roeld\AppData\Local\Temp\ccxIoO5r.o (__vector_dispatch_9)
c:/program files/microchip/xc32/v4.45/bin/bin/../../lib/gcc/pic32mx/8.3.1/../../../../pic32mx/lib\libpic32.a(vector10.o)
                              C:\Users\roeld\AppData\Local\Temp\ccxIoO5r.o (__vector_dispatch_10)
c:/program files/microchip/xc32/v4.45/bin/bin/../../lib/gcc/pic32mx/8.3.1/../../../../pic32mx/lib\libpic32.a(vector11.o)
                              C:\Users\roeld\AppData\Local\Temp\ccxIoO5r.o (__vector_dispatch_11)
c:/program files/microchip/xc32/v4.45/bin/bin/../../lib/gcc/pic32mx/8.3.1/../../../../pic32mx/lib\libpic32.a(vector12.o)
                              C:\Users\roeld\AppData\Local\Temp\ccxIoO5r.o (__vector_dispatch_12)
c:/program files/microchip/xc32/v4.45/bin/bin/../../lib/gcc/pic32mx/8.3.1/../../../../pic32mx/lib\libpic32.a(vector13.o)
                              C:\Users\roeld\AppData\Local\Temp\ccxIoO5r.o (__vector_dispatch_13)
c:/program files/microchip/xc32/v4.45/bin/bin/../../lib/gcc/pic32mx/8.3.1/../../../../pic32mx/lib\libpic32.a(vector14.o)
                              C:\Users\roeld\AppData\Local\Temp\ccxIoO5r.o (__vector_dispatch_14)
c:/program files/microchip/xc32/v4.45/bin/bin/../../lib/gcc/pic32mx/8.3.1/../../../../pic32mx/lib\libpic32.a(vector15.o)
                              C:\Users\roeld\AppData\Local\Temp\ccxIoO5r.o (__vector_dispatch_15)
[...]
Memory Configuration

Name             Origin             Length             Attributes
kseg0_data_mem   0x0000000080000000 0x0000000000000200
kseg1_data_mem   0x00000000a0000000 0x0000000000020000 w !x
kseg0_boot_mem   0x000000009fc00490 0x0000000000000970
kseg1_boot_mem   0x00000000bfc00000 0x0000000000000490
kseg0_program_mem 0x000000009d000000 0x0000000000080000 xr
exception_mem    0x000000009fc01000 0x0000000000001000
debug_exec_mem   0x00000000bfc02000 0x0000000000000ff0
config3          0x00000000bfc02ff0 0x0000000000000004
config2          0x00000000bfc02ff4 0x0000000000000004
config1          0x00000000bfc02ff8 0x0000000000000004
config0          0x00000000bfc02ffc 0x0000000000000004
sfrs             0x00000000bf800000 0x0000000000100000
configsfrs       0x00000000bfc02ff0 0x0000000000000010
*default*        0x0000000000000000 0xffffffffffffffff

Linker script and memory map


reserve_data_0_kseg0
                0x0000000080000000      0x200
                0x0000000080000000        0x2 SHORT 0x0
                0x00000000000001fd                . = 0x1fd
 *fill*         0x0000000080000002      0x1fb 
                0x0000000080000200                . = ALIGN (0x4)
 *fill*         0x00000000800001fd        0x3 

reserve_data_0_kseg1
                0x00000000a0000000      0x200
                0x00000000a0000000        0x2 SHORT 0x0
                0x00000000000001fd                . = 0x1fd
 *fill*         0x00000000a0000002      0x1fb 
                0x00000000a0000200                . = ALIGN (0x4)
 *fill*         0x00000000a00001fd        0x3 

reserve_boot_0x1fc02000_kseg0
                0x000000009fc02000      0xff0
                0x000000009fc02000        0x2 SHORT 0x0
                0x0000000000000760                . = 0x760
 *fill*         0x000000009fc02002      0x75e 
                0x000000009fc02760                . = ALIGN (0x4)
                0x000000009fc02760        0x2 SHORT 0x0
                0x0000000000000ff0                . = 0xff0
 *fill*         0x000000009fc02762      0x88e 
                0x000000009fc02ff0                . = ALIGN (0x4)

reserve_boot_0x1fc02000_kseg1
                0x00000000bfc02000      0xff0
                0x00000000bfc02000        0x2 SHORT 0x0
                0x0000000000000760                . = 0x760
 *fill*         0x00000000bfc02002      0x75e 
                0x00000000bfc02760                . = ALIGN (0x4)
                0x00000000bfc02760        0x2 SHORT 0x0
                0x0000000000000ff0                . = 0xff0
 *fill*         0x00000000bfc02762      0x88e 
                0x00000000bfc02ff0                . = ALIGN (0x4)
LOAD c:/program files/microchip/xc32/v4.45/bin/bin/../../lib/gcc/pic32mx/8.3.1/../../../../pic32mx/lib\software-debug-break.o
LOAD build/default/debug/LCD.o
LOAD build/default/debug/Timer.o
LOAD build/default/debug/i2c.o
LOAD build/default/debug/Uart.o
LOAD build/default/debug/newmain.o
LOAD build/default/debug/ADC.o
LOAD build/default/debug/Pin.o
LOAD build/default/debug/spi.o
LOAD build/default/debug/TSL2561.o
LOAD build/default/debug/Audio_PMW.o
                0x0000000000000001                __MPLAB_BUILD = 0x1
                0x0000000000000001                __MPLAB_DEBUG = 0x1
                0x0000000000000001                __DEBUG = 0x1
                0x0000000000000001                __MPLAB_DEBUGGER_PK3 = 0x1
LOAD C:\Users\roeld\AppData\Local\Temp\ccN12fBi.o
LOAD C:\Users\roeld\AppData\Local\Temp\ccw35qSJ.o
LOAD C:\Users\roeld\AppData\Local\Temp\ccxIoO5r.o
LOAD c:/program files/microchip/xc32/v4.45/bin/bin/../../lib/gcc/pic32mx/8.3.1/../../../../pic32mx/lib\pic32_software_reset.o
LOAD c:/program files/microchip/xc32/v4.45/bin/bin/../../lib/gcc/pic32mx/8.3.1\libgcc.a
START GROUP
LOAD c:/program files/microchip/xc32/v4.45/bin/bin/../../lib/gcc/pic32mx/8.3.1/../../../../pic32mx/lib\libpic32.a
LOAD c:/program files/microchip/xc32/v4.45/bin/bin/../../lib/gcc/pic32mx/8.3.1/../../../../pic32mx/lib\libc-size-musl.a
LOAD c:/program files/microchip/xc32/v4.45/bin/bin/../../lib/gcc/pic32mx/8.3.1/../../../../pic32mx/lib\liblmalloc-musl.a
LOAD c:/program files/microchip/xc32/v4.45/bin/bin/../../lib/gcc/pic32mx/8.3.1/../../../../pic32mx/lib\libdebug.a
LOAD c:/program files/microchip/xc32/v4.45/bin/bin/../../lib/gcc/pic32mx/8.3.1/../../../../pic32mx/lib\libc-musl.a
LOAD c:/program files/microchip/xc32/v4.45/bin/bin/../../lib/gcc/pic32mx/8.3.1/../../../../pic32mx/lib\libm.a
LOAD c:/program files/microchip/xc32/v4.45/bin/bin/../../lib/gcc/pic32mx/8.3.1/../../../../pic32mx/lib\libe.a
LOAD c:/program files/microchip/xc32/v4.45/bin/bin/../../lib/gcc/pic32mx/8.3.1/../../../../pic32mx/lib\libm-musl.a
LOAD c:/program files/microchip/xc32/v4.45/bin/bin/../../lib/gcc/pic32mx/8.3.1/../../../../pic32mx/lib\libdsp.a
LOAD c:/program files/microchip/xc32/v4.45/bin/bin/../../lib/gcc/pic32mx/8.3.1\libgcc.a
END GROUP
LOAD c:/program files/microchip/xc32/v4.45/bin/bin/../../lib/gcc/pic32mx/8.3.1\libgcc.a
                0x0000000000000400                PROVIDE (_min_stack_size = 0x400)
START GROUP
LOAD libmchp_peripheral.a
END GROUP
START GROUP
LOAD libmchp_peripheral_32MX370F512L.a
END GROUP
                0x0000000000000001                PROVIDE (_vector_spacing = 0x1)
                0x000000009fc01000                PROVIDE (_ebase_address = 0x9fc01000)
                0x00000000bfc00000                _RESET_ADDR = 0xbfc00000
                0x00000000bfc00380                _BEV_EXCPT_ADDR = 0xbfc00380
                0x00000000bfc00480                _DBG_EXCPT_ADDR = 0xbfc00480
                0x00000000bfc02000                _DBG_CODE_ADDR = 0xbfc02000
                0x0000000000000ff0                _DBG_CODE_SIZE = 0xff0
                0x000000009fc01180                _GEN_EXCPT_ADDR = (_ebase_address + 0x180)

.config_BFC02FF0
 *(.config_BFC02FF0)

.config_BFC02FF4
                0x00000000bfc02ff4        0x4
 *(.config_BFC02FF4)
 .config_BFC02FF4
                0x00000000bfc02ff4        0x4 build/default/debug/newmain.o
                0x00000000bfc02ff4                __config_BFC02FF4

.config_BFC02FF8
                0x00000000bfc02ff8        0x4
 *(.config_BFC02FF8)
 .config_BFC02FF8
                0x00000000bfc02ff8        0x4 build/default/debug/newmain.o
                0x00000000bfc02ff8                __config_BFC02FF8

.config_BFC02FFC
                0x00000000bfc02ffc        0x4
 *(.config_BFC02FFC)
 .config_BFC02FFC
                0x00000000bfc02ffc        0x4 build/default/debug/newmain.o
                0x00000000bfc02ffc                __config_BFC02FFC

.reset          0x00000000bfc00000      0x19c
 *(.reset)
 .reset         0x00000000bfc00000        0x8 C:\Users\roeld\AppData\Local\Temp\ccN12fBi.o
                0x00000000bfc00000                _reset
 *(.reset.startup)
 .reset.startup
                0x00000000bfc00008      0x194 C:\Users\roeld\AppData\Local\Temp\ccN12fBi.o
                0x00000000bfc00008                _startup

.bev_excpt      0x00000000bfc00380       0x10
 *(.bev_handler)
 .bev_handler   0x00000000bfc00380       0x10 C:\Users\roeld\AppData\Local\Temp\ccN12fBi.o

.dbg_excpt      0x00000000bfc00480        0x0
                0x00000000bfc00480                . = (. + DEFINED (_DEBUGGER)?0x8:0x0)

.dbg_code       0x00000000bfc02000        0x0
                0x00000000bfc02000                . = (. + DEFINED (_DEBUGGER)?_DBG_CODE_SIZE:0x0)

.app_excpt      0x000000009fc01180       0x10
 *(.gen_handler)
 .gen_handler   0x000000009fc01180       0x10 C:\Users\roeld\AppData\Local\Temp\ccN12fBi.o

.vector_0       0x000000009fc01200        0x8
 *(.vector_0)
 .vector_0      0x000000009fc01200        0x8 c:/program files/microchip/xc32/v4.45/bin/bin/../../lib/gcc/pic32mx/8.3.1/../../../../pic32mx/lib\libpic32.a(vector0.o)
                0x000000009fc01200                __vector_dispatch_0
                0x0000000000000001                ASSERT (((_vector_spacing == 0x0) || (SIZEOF (.vector_0) <= (_vector_spacing << 0x5))), function at exception vector 0 too large)

.vector_1       0x000000009fc01220        0x8
 *(.vector_1)
 .vector_1      0x000000009fc01220        0x8 c:/program files/microchip/xc32/v4.45/bin/bin/../../lib/gcc/pic32mx/8.3.1/../../../../pic32mx/lib\libpic32.a(vector1.o)
                0x000000009fc01220                __vector_dispatch_1
                0x0000000000000001                ASSERT (((_vector_spacing == 0x0) || (SIZEOF (.vector_1) <= (_vector_spacing << 0x5))), function at exception vector 1 too large)

.vector_2       0x000000009fc01240        0x8
 *(.vector_2)
 .vector_2      0x000000009fc01240        0x8 c:/program files/microchip/xc32/v4.45/bin/bin/../../lib/gcc/pic32mx/8.3.1/../../../../pic32mx/lib\libpic32.a(vector2.o)
                0x000000009fc01240                __vector_dispatch_2
                0x0000000000000001                ASSERT (((_vector_spacing == 0x0) || (SIZEOF (.vector_2) <= (_vector_spacing << 0x5))), function at exception vector 2 too large)

.vector_3       0x000000009fc01260        0x8
 *(.vector_3)
 .vector_3      0x000000009fc01260        0x8 c:/program files/microchip/xc32/v4.45/bin/bin/../../lib/gcc/pic32mx/8.3.1/../../../../pic32mx/lib\libpic32.a(vector3.o)
                0x000000009fc01260                __vector_dispatch_3
                0x0000000000000001                ASSERT (((_vector_spacing == 0x0) || (SIZEOF (.vector_3) <= (_vector_spacing << 0x5))), function at exception vector 3 too large)

.vector_4       0x000000009fc01280        0x8
 *(.vector_4)
 .vector_4      0x000000009fc01280        0x8 c:/program files/microchip/xc32/v4.45/bin/bin/../../lib/gcc/pic32mx/8.3.1/../../../../pic32mx/lib\libpic32.a(vector4.o)
                0x000000009fc01280                __vector_dispatch_4
                0x0000000000000001                ASSERT (((_vector_spacing == 0x0) || (SIZEOF (.vector_4) <= (_vector_spacing << 0x5))), function at exception vector 4 too large)

.vector_5       0x000000009fc012a0        0x8
 *(.vector_5)
 .vector_5      0x000000009fc012a0        0x8 c:/program files/microchip/xc32/v4.45/bin/bin/../../lib/gcc/pic32mx/8.3.1/../../../../pic32mx/lib\libpic32.a(vector5.o)
                0x000000009fc012a0                __vector_dispatch_5
                0x0000000000000001                ASSERT (((_vector_spacing == 0x0) || (SIZEOF (.vector_5) <= (_vector_spacing << 0x5))), function at exception vector 5 too large)

.vector_6       0x000000009fc012c0        0x8
 *(.vector_6)
 .vector_6      0x000000009fc012c0        0x8 c:/program files/microchip/xc32/v4.45/bin/bin/../../lib/gcc/pic32mx/8.3.1/../../../../pic32mx/lib\libpic32.a(vector6.o)
                0x000000009fc012c0                __vector_dispatch_6
                0x0000000000000001                ASSERT (((_vector_spacing == 0x0) || (SIZEOF (.vector_6) <= (_vector_spacing << 0x5))), function at exception vector 6 too large)

.vector_7       0x000000009fc012e0        0x8
 *(.vector_7)
 .vector_7      0x000000009fc012e0        0x8 c:/program files/microchip/xc32/v4.45/bin/bin/../../lib/gcc/pic32mx/8.3.1/../../../../pic32mx/lib\libpic32.a(vector7.o)
                0x000000009fc012e0                __vector_dispatch_7
                0x0000000000000001                ASSERT (((_vector_spacing == 0x0) || (SIZEOF (.vector_7) <= (_vector_spacing << 0x5))), function at exception vector 7 too large)

.vector_8       0x000000009fc01300        0x8
 *(.vector_8)
 .vector_8      0x000000009fc01300        0x8 c:/program files/microchip/xc32/v4.45/bin/bin/../../lib/gcc/pic32mx/8.3.1/../../../../pic32mx/lib\libpic32.a(vector8.o)
                0x000000009fc01300                __vector_dispatch_8
                0x0000000000000001                ASSERT (((_vector_spacing == 0x0) || (SIZEOF (.vector_8) <= (_vector_spacing << 0x5))), function at exception vector 8 too large)

.vector_9       0x000000009fc01320        0x8
 *(.vector_9)
 .vector_9      0x000000009fc01320        0x8 c:/program files/microchip/xc32/v4.45/bin/bin/../../lib/gcc/pic32mx/8.3.1/../../../../pic32mx/lib\libpic32.a(vector9.o)
                0x000000009fc01320                __vector_dispatch_9
                0x0000000000000001                ASSERT (((_vector_spacing == 0x0) || (SIZEOF (.vector_9) <= (_vector_spacing << 0x5))), function at exception vector 9 too large)

.vector_10      0x000000009fc01340        0x8
 *(.vector_10)
 .vector_10     0x000000009fc01340        0x8 c:/program files/microchip/xc32/v4.45/bin/bin/../../lib/gcc/pic32mx/8.3.1/../../../../pic32mx/lib\libpic32.a(vector10.o)
                0x000000009fc01340                __vector_dispatch_10
                0x0000000000000001                ASSERT (((_vector_spacing == 0x0) || (SIZEOF (.vector_10) <= (_vector_spacing << 0x5))), function at exception vector 10 too large)

.vector_11      0x000000009fc01360        0x8
 *(.vector_11)
 .vector_11     0x000000009fc01360        0x8 c:/program files/microchip/xc32/v4.45/bin/bin/../../lib/gcc/pic32mx/8.3.1/../../../../pic32mx/lib\libpic32.a(vector11.o)
                0x000000009fc01360                __vector_dispatch_11
                0x0000000000000001                ASSERT (((_vector_spacing == 0x0) || (SIZEOF (.vector_11) <= (_vector_spacing << 0x5))), function at exception vector 11 too large)

.vector_12      0x000000009fc01380        0x8
 *(.vector_12)
 .vector_12     0x000000009fc01380        0x8 c:/program files/microchip/xc32/v4.45/bin/bin/../../lib/gcc/pic32mx/8.3.1/../../../../pic32mx/lib\libpic32.a(vector12.o)
                0x000000009fc01380                __vector_dispatch_12
                0x0000000000000001                ASSERT (((_vector_spacing == 0x0) || (SIZEOF (.vector_12) <= (_vector_spacing << 0x5))), function at exception vector 12 too large)

.vector_13      0x000000009fc013a0        0x8
 *(.vector_13)
 .vector_13     0x000000009fc013a0        0x8 c:/program files/microchip/xc32/v4.45/bin/bin/../../lib/gcc/pic32mx/8.3.1/../../../../pic32mx/lib\libpic32.a(vector13.o)
                0x000000009fc013a0                __vector_dispatch_13
                0x0000000000000001                ASSERT (((_vector_spacing == 0x0) || (SIZEOF (.vector_13) <= (_vector_spacing << 0x5))), function at exception vector 13 too large)

.vector_14      0x000000009fc013c0        0x8
 *(.vector_14)
 .vector_14     0x000000009fc013c0        0x8 c:/program files/microchip/xc32/v4.45/bin/bin/../../lib/gcc/pic32mx/8.3.1/../../../../pic32mx/lib\libpic32.a(vector14.o)
                0x000000009fc013c0                __vector_dispatch_14
                0x0000000000000001                ASSERT (((_vector_spacing == 0x0) || (SIZEOF (.vector_14) <= (_vector_spacing << 0x5))), function at exception vector 14 too large)

.vector_15      0x000000009fc013e0        0x8
 *(.vector_15)
 .vector_15     0x000000009fc013e0        0x8 c:/program files/microchip/xc32/v4.45/bin/bin/../../lib/gcc/pic32mx/8.3.1/../../../../pic32mx/lib\libpic32.a(vector15.o)
                0x000000009fc013e0                __vector_dispatch_15
                0x0000000000000001                ASSERT (((_vector_spacing == 0x0) || (SIZEOF (.vector_15) <= (_vector_spacing << 0x5))), function at exception vector 15 too large)

.vector_16      0x000000009fc01400        0x8
 *(.vector_16)
 .vector_16     0x000000009fc01400        0x8 c:/program files/microchip/xc32/v4.45/bin/bin/../../lib/gcc/pic32mx/8.3.1/../../../../pic32mx/lib\libpic32.a(vector16.o)
                0x000000009fc01400                __vector_dispatch_16
                0x0000000000000001                ASSERT (((_vector_spacing == 0x0) || (SIZEOF (.vector_16) <= (_vector_spacing << 0x5))), function at exception vector 16 too large)

.vector_17      0x000000009fc01420        0x8
 *(.vector_17)
 .vector_17     0x000000009fc01420        0x8 c:/program files/microchip/xc32/v4.45/bin/bin/../../lib/gcc/pic32mx/8.3.1/../../../../pic32mx/lib\libpic32.a(vector17.o)
                0x000000009fc01420                __vector_dispatch_17
                0x0000000000000001                ASSERT (((_vector_spacing == 0x0) || (SIZEOF (.vector_17) <= (_vector_spacing << 0x5))), function at exception vector 17 too large)

.vector_18      0x000000009fc01440        0x8
 *(.vector_18)
 .vector_18     0x000000009fc01440        0x8 c:/program files/microchip/xc32/v4.45/bin/bin/../../lib/gcc/pic32mx/8.3.1/../../../../pic32mx/lib\libpic32.a(vector18.o)
                0x000000009fc01440                __vector_dispatch_18
                0x0000000000000001                ASSERT (((_vector_spacing == 0x0) || (SIZEOF (.vector_18) <= (_vector_spacing << 0x5))), function at exception vector 18 too large)

.vector_19      0x000000009fc01460        0x8
 *(.vector_19)
 .vector_19     0x000000009fc01460        0x8 build/default/debug/newmain.o
                0x000000009fc01460                __vector_dispatch_19
                0x0000000000000001                ASSERT (((_vector_spacing == 0x0) || (SIZEOF (.vector_19) <= (_vector_spacing << 0x5))), function at exception vector 19 too large)

.vector_20      0x000000009fc01480        0x8
 *(.vector_20)
 .vector_20     0x000000009fc01480        0x8 c:/program files/microchip/xc32/v4.45/bin/bin/../../lib/gcc/pic32mx/8.3.1/../../../../pic32mx/lib\libpic32.a(vector20.o)
                0x000000009fc01480                __vector_dispatch_20
                0x0000000000000001                ASSERT (((_vector_spacing == 0x0) || (SIZEOF (.vector_20) <= (_vector_spacing << 0x5))), function at exception vector 20 too large)

.vector_21      0x000000009fc014a0        0x8
 *(.vector_21)
 .vector_21     0x000000009fc014a0        0x8 c:/program files/microchip/xc32/v4.45/bin/bin/../../lib/gcc/pic32mx/8.3.1/../../../../pic32mx/lib\libpic32.a(vector21.o)
                0x000000009fc014a0                __vector_dispatch_21
                0x0000000000000001                ASSERT (((_vector_spacing == 0x0) || (SIZEOF (.vector_21) <= (_vector_spacing << 0x5))), function at exception vector 21 too large)

.vector_22      0x000000009fc014c0        0x8
 *(.vector_22)
 .vector_22     0x000000009fc014c0        0x8 c:/program files/microchip/xc32/v4.45/bin/bin/../../lib/gcc/pic32mx/8.3.1/../../../../pic32mx/lib\libpic32.a(vector22.o)
                0x000000009fc014c0                __vector_dispatch_22
                0x0000000000000001                ASSERT (((_vector_spacing == 0x0) || (SIZEOF (.vector_22) <= (_vector_spacing << 0x5))), function at exception vector 22 too large)

.vector_23      0x000000009fc014e0        0x8
 *(.vector_23)
 .vector_23     0x000000009fc014e0        0x8 c:/program files/microchip/xc32/v4.45/bin/bin/../../lib/gcc/pic32mx/8.3.1/../../../../pic32mx/lib\libpic32.a(vector23.o)
                0x000000009fc014e0                __vector_dispatch_23
                0x0000000000000001                ASSERT (((_vector_spacing == 0x0) || (SIZEOF (.vector_23) <= (_vector_spacing << 0x5))), function at exception vector 23 too large)

.vector_24      0x000000009fc01500        0x8
 *(.vector_24)
 .vector_24     0x000000009fc01500        0x8 c:/program files/microchip/xc32/v4.45/bin/bin/../../lib/gcc/pic32mx/8.3.1/../../../../pic32mx/lib\libpic32.a(vector24.o)
                0x000000009fc01500                __vector_dispatch_24
                0x0000000000000001                ASSERT (((_vector_spacing == 0x0) || (SIZEOF (.vector_24) <= (_vector_spacing << 0x5))), function at exception vector 24 too large)

.vector_25      0x000000009fc01520        0x8
 *(.vector_25)
 .vector_25     0x000000009fc01520        0x8 c:/program files/microchip/xc32/v4.45/bin/bin/../../lib/gcc/pic32mx/8.3.1/../../../../pic32mx/lib\libpic32.a(vector25.o)
                0x000000009fc01520                __vector_dispatch_25
                0x0000000000000001                ASSERT (((_vector_spacing == 0x0) || (SIZEOF (.vector_25) <= (_vector_spacing << 0x5))), function at exception vector 25 too large)

.vector_26      0x000000009fc01540        0x8
 *(.vector_26)
 .vector_26     0x000000009fc01540        0x8 c:/program files/microchip/xc32/v4.45/bin/bin/../../lib/gcc/pic32mx/8.3.1/../../../../pic32mx/lib\libpic32.a(vector26.o)
                0x000000009fc01540                __vector_dispatch_26
                0x0000000000000001                ASSERT (((_vector_spacing == 0x0) || (SIZEOF (.vector_26) <= (_vector_spacing << 0x5))), function at exception vector 26 too large)

.vector_27      0x000000009fc01560        0x8
 *(.vector_27)
 .vector_27     0x000000009fc01560        0x8 c:/program files/microchip/xc32/v4.45/bin/bin/../../lib/gcc/pic32mx/8.3.1/../../../../pic32mx/lib\libpic32.a(vector27.o)
                0x000000009fc01560                __vector_dispatch_27
                0x0000000000000001                ASSERT (((_vector_spacing == 0x0) || (SIZEOF (.vector_27) <= (_vector_spacing << 0x5))), function at exception vector 27 too large)

.vector_28      0x000000009fc01580        0x8
 *(.vector_28)
 .vector_28     0x000000009fc01580        0x8 c:/program files/microchip/xc32/v4.45/bin/bin/../../lib/gcc/pic32mx/8.3.1/../../../../pic32mx/lib\libpic32.a(vector28.o)
                0x000000009fc01580                __vector_dispatch_28
                0x0000000000000001                ASSERT (((_vector_spacing == 0x0) || (SIZEOF (.vector_28) <= (_vector_spacing << 0x5))), function at exception vector 28 too large)

.vector_29      0x000000009fc015a0        0x8
 *(.vector_29)
 .vector_29     0x000000009fc015a0        0x8 c:/program files/microchip/xc32/v4.45/bin/bin/../../lib/gcc/pic32mx/8.3.1/../../../../pic32mx/lib\libpic32.a(vector29.o)
                0x000000009fc015a0                __vector_dispatch_29
                0x0000000000000001                ASSERT (((_vector_spacing == 0x0) || (SIZEOF (.vector_29) <= (_vector_spacing << 0x5))), function at exception vector 29 too large)

.vector_30      0x000000009fc015c0        0x8
 *(.vector_30)
 .vector_30     0x000000009fc015c0        0x8 c:/program files/microchip/xc32/v4.45/bin/bin/../../lib/gcc/pic32mx/8.3.1/../../../../pic32mx/lib\libpic32.a(vector30.o)
                0x000000009fc015c0                __vector_dispatch_30
                0x0000000000000001                ASSERT (((_vector_spacing == 0x0) || (SIZEOF (.vector_30) <= (_vector_spacing << 0x5))), function at exception vector 30 too large)

.vector_31      0x000000009fc015e0        0x8
 *(.vector_31)
 .vector_31     0x000000009fc015e0        0x8 c:/program files/microchip/xc32/v4.45/bin/bin/../../lib/gcc/pic32mx/8.3.1/../../../../pic32mx/lib\libpic32.a(vector31.o)
                0x000000009fc015e0                __vector_dispatch_31
                0x0000000000000001                ASSERT (((_vector_spacing == 0x0) || (SIZEOF (.vector_31) <= (_vector_spacing << 0x5))), function at exception vector 31 too large)

.vector_32      0x000000009fc01600        0x8
 *(.vector_32)
 .vector_32     0x000000009fc01600        0x8 c:/program files/microchip/xc32/v4.45/bin/bin/../../lib/gcc/pic32mx/8.3.1/../../../../pic32mx/lib\libpic32.a(vector32.o)
                0x000000009fc01600                __vector_dispatch_32
                0x0000000000000001                ASSERT (((_vector_spacing == 0x0) || (SIZEOF (.vector_32) <= (_vector_spacing << 0x5))), function at exception vector 32 too large)

.vector_33      0x000000009fc01620        0x8
 *(.vector_33)
 .vector_33     0x000000009fc01620        0x8 c:/program files/microchip/xc32/v4.45/bin/bin/../../lib/gcc/pic32mx/8.3.1/../../../../pic32mx/lib\libpic32.a(vector33.o)
                0x000000009fc01620                __vector_dispatch_33
                0x0000000000000001                ASSERT (((_vector_spacing == 0x0) || (SIZEOF (.vector_33) <= (_vector_spacing << 0x5))), function at exception vector 33 too large)

.vector_34      0x000000009fc01640        0x8
 *(.vector_34)
 .vector_34     0x000000009fc01640        0x8 c:/program files/microchip/xc32/v4.45/bin/bin/../../lib/gcc/pic32mx/8.3.1/../../../../pic32mx/lib\libpic32.a(vector34.o)
                0x000000009fc01640                __vector_dispatch_34
                0x0000000000000001                ASSERT (((_vector_spacing == 0x0) || (SIZEOF (.vector_34) <= (_vector_spacing << 0x5))), function at exception vector 34 too large)

.vector_35      0x000000009fc01660        0x8
 *(.vector_35)
 .vector_35     0x000000009fc01660        0x8 c:/program files/microchip/xc32/v4.45/bin/bin/../../lib/gcc/pic32mx/8.3.1/../../../../pic32mx/lib\libpic32.a(vector35.o)
                0x000000009fc01660                __vector_dispatch_35
                0x0000000000000001                ASSERT (((_vector_spacing == 0x0) || (SIZEOF (.vector_35) <= (_vector_spacing << 0x5))), function at exception vector 35 too large)

.vector_36      0x000000009fc01680        0x8
 *(.vector_36)
 .vector_36     0x000000009fc01680        0x8 c:/program files/microchip/xc32/v4.45/bin/bin/../../lib/gcc/pic32mx/8.3.1/../../../../pic32mx/lib\libpic32.a(vector36.o)
                0x000000009fc01680                __vector_dispatch_36
                0x0000000000000001                ASSERT (((_vector_spacing == 0x0) || (SIZEOF (.vector_36) <= (_vector_spacing << 0x5))), function at exception vector 36 too large)

.vector_37      0x000000009fc016a0        0x8
 *(.vector_37)
 .vector_37     0x000000009fc016a0        0x8 c:/program files/microchip/xc32/v4.45/bin/bin/../../lib/gcc/pic32mx/8.3.1/../../../../pic32mx/lib\libpic32.a(vector37.o)
                0x000000009fc016a0                __vector_dispatch_37
                0x0000000000000001                ASSERT (((_vector_spacing == 0x0) || (SIZEOF (.vector_37) <= (_vector_spacing << 0x5))), function at exception vector 37 too large)

.vector_38      0x000000009fc016c0        0x8
 *(.vector_38)
 .vector_38     0x000000009fc016c0        0x8 c:/program files/microchip/xc32/v4.45/bin/bin/../../lib/gcc/pic32mx/8.3.1/../../../../pic32mx/lib\libpic32.a(vector38.o)
                0x000000009fc016c0                __vector_dispatch_38
                0x0000000000000001                ASSERT (((_vector_spacing == 0x0) || (SIZEOF (.vector_38) <= (_vector_spacing << 0x5))), function at exception vector 38 too large)

.vector_39      0x000000009fc016e0        0x8
 *(.vector_39)
 .vector_39     0x000000009fc016e0        0x8 c:/program files/microchip/xc32/v4.45/bin/bin/../../lib/gcc/pic32mx/8.3.1/../../../../pic32mx/lib\libpic32.a(vector39.o)
                0x000000009fc016e0                __vector_dispatch_39
                0x0000000000000001                ASSERT (((_vector_spacing == 0x0) || (SIZEOF (.vector_39) <= (_vector_spacing << 0x5))), function at exception vector 39 too large)

.vector_40      0x000000009fc01700        0x8
 *(.vector_40)
 .vector_40     0x000000009fc01700        0x8 c:/program files/microchip/xc32/v4.45/bin/bin/../../lib/gcc/pic32mx/8.3.1/../../../../pic32mx/lib\libpic32.a(vector40.o)
                0x000000009fc01700                __vector_dispatch_40
                0x0000000000000001                ASSERT (((_vector_spacing == 0x0) || (SIZEOF (.vector_40) <= (_vector_spacing << 0x5))), function at exception vector 40 too large)

.vector_41      0x000000009fc01720        0x8
 *(.vector_41)
 .vector_41     0x000000009fc01720        0x8 c:/program files/microchip/xc32/v4.45/bin/bin/../../lib/gcc/pic32mx/8.3.1/../../../../pic32mx/lib\libpic32.a(vector41.o)
                0x000000009fc01720                __vector_dispatch_41
                0x0000000000000001                ASSERT (((_vector_spacing == 0x0) || (SIZEOF (.vector_41) <= (_vector_spacing << 0x5))), function at exception vector 41 too large)

.vector_42      0x000000009fc01740        0x8
 *(.vector_42)
 .vector_42     0x000000009fc01740        0x8 c:/program files/microchip/xc32/v4.45/bin/bin/../../lib/gcc/pic32mx/8.3.1/../../../../pic32mx/lib\libpic32.a(vector42.o)
                0x000000009fc01740                __vector_dispatch_42
                0x0000000000000001                ASSERT (((_vector_spacing == 0x0) || (SIZEOF (.vector_42) <= (_vector_spacing << 0x5))), function at exception vector 42 too large)

.vector_43      0x000000009fc01760        0x8
 *(.vector_43)
 .vector_43     0x000000009fc01760        0x8 c:/program files/microchip/xc32/v4.45/bin/bin/../../lib/gcc/pic32mx/8.3.1/../../../../pic32mx/lib\libpic32.a(vector43.o)
                0x000000009fc01760                __vector_dispatch_43
                0x0000000000000001                ASSERT (((_vector_spacing == 0x0) || (SIZEOF (.vector_43) <= (_vector_spacing << 0x5))), function at exception vector 43 too large)

.vector_44      0x000000009fc01780        0x8
 *(.vector_44)
 .vector_44     0x000000009fc01780        0x8 c:/program files/microchip/xc32/v4.45/bin/bin/../../lib/gcc/pic32mx/8.3.1/../../../../pic32mx/lib\libpic32.a(vector44.o)
                0x000000009fc01780                __vector_dispatch_44
                0x0000000000000001                ASSERT (((_vector_spacing == 0x0) || (SIZEOF (.vector_44) <= (_vector_spacing << 0x5))), function at exception vector 44 too large)

.vector_45      0x000000009fc017a0        0x8
 *(.vector_45)
 .vector_45     0x000000009fc017a0        0x8 c:/program files/microchip/xc32/v4.45/bin/bin/../../lib/gcc/pic32mx/8.3.1/../../../../pic32mx/lib\libpic32.a(vector45.o)
                0x000000009fc017a0                __vector_dispatch_45
                0x0000000000000001                ASSERT (((_vector_spacing == 0x0) || (SIZEOF (.vector_45) <= (_vector_spacing << 0x5))), function at exception vector 45 too large)

.vector_46      0x000000009fc017c0        0x0
 *(.vector_46)
                0x0000000000000001                ASSERT (((_vector_spacing == 0x0) || (SIZEOF (.vector_46) <= (_vector_spacing << 0x5))), function at exception vector 46 too large)

.vector_47      0x000000009fc017e0        0x0
 *(.vector_47)
                0x0000000000000001                ASSERT (((_vector_spacing == 0x0) || (SIZEOF (.vector_47) <= (_vector_spacing << 0x5))), function at exception vector 47 too large)

.vector_48      0x000000009fc01800        0x0
 *(.vector_48)
                0x0000000000000001                ASSERT (((_vector_spacing == 0x0) || (SIZEOF (.vector_48) <= (_vector_spacing << 0x5))), function at exception vector 48 too large)

.vector_49      0x000000009fc01820        0x0
 *(.vector_49)
                0x0000000000000001                ASSERT (((_vector_spacing == 0x0) || (SIZEOF (.vector_49) <= (_vector_spacing << 0x5))), function at exception vector 49 too large)

.vector_50      0x000000009fc01840        0x0
 *(.vector_50)
                0x0000000000000001                ASSERT (((_vector_spacing == 0x0) || (SIZEOF (.vector_50) <= (_vector_spacing << 0x5))), function at exception vector 50 too large)

.vector_51      0x000000009fc01860        0x0
 *(.vector_51)
                0x0000000000000001                ASSERT (((_vector_spacing == 0x0) || (SIZEOF (.vector_51) <= (_vector_spacing << 0x5))), function at exception vector 51 too large)

.vector_52      0x000000009fc01880        0x0
 *(.vector_52)
                0x0000000000000001                ASSERT (((_vector_spacing == 0x0) || (SIZEOF (.vector_52) <= (_vector_spacing << 0x5))), function at exception vector 52 too large)

.vector_53      0x000000009fc018a0        0x0
 *(.vector_53)
                0x0000000000000001                ASSERT (((_vector_spacing == 0x0) || (SIZEOF (.vector_53) <= (_vector_spacing << 0x5))), function at exception vector 53 too large)

.vector_54      0x000000009fc018c0        0x0
 *(.vector_54)
                0x0000000000000001                ASSERT (((_vector_spacing == 0x0) || (SIZEOF (.vector_54) <= (_vector_spacing << 0x5))), function at exception vector 54 too large)

.vector_55      0x000000009fc018e0        0x0
 *(.vector_55)
                0x0000000000000001                ASSERT (((_vector_spacing == 0x0) || (SIZEOF (.vector_55) <= (_vector_spacing << 0x5))), function at exception vector 55 too large)

.vector_56      0x000000009fc01900        0x0
 *(.vector_56)
                0x0000000000000001                ASSERT (((_vector_spacing == 0x0) || (SIZEOF (.vector_56) <= (_vector_spacing << 0x5))), function at exception vector 56 too large)

.vector_57      0x000000009fc01920        0x0
 *(.vector_57)
                0x0000000000000001                ASSERT (((_vector_spacing == 0x0) || (SIZEOF (.vector_57) <= (_vector_spacing << 0x5))), function at exception vector 57 too large)

.vector_58      0x000000009fc01940        0x0
 *(.vector_58)
                0x0000000000000001                ASSERT (((_vector_spacing == 0x0) || (SIZEOF (.vector_58) <= (_vector_spacing << 0x5))), function at exception vector 58 too large)

.vector_59      0x000000009fc01960        0x0
 *(.vector_59)
                0x0000000000000001                ASSERT (((_vector_spacing == 0x0) || (SIZEOF (.vector_59) <= (_vector_spacing << 0x5))), function at exception vector 59 too large)

.vector_60      0x000000009fc01980        0x0
 *(.vector_60)
                0x0000000000000001                ASSERT (((_vector_spacing == 0x0) || (SIZEOF (.vector_60) <= (_vector_spacing << 0x5))), function at exception vector 60 too large)

.vector_61      0x000000009fc019a0        0x0
 *(.vector_61)
                0x0000000000000001                ASSERT (((_vector_spacing == 0x0) || (SIZEOF (.vector_61) <= (_vector_spacing << 0x5))), function at exception vector 61 too large)

.vector_62      0x000000009fc019c0        0x0
 *(.vector_62)
                0x0000000000000001                ASSERT (((_vector_spacing == 0x0) || (SIZEOF (.vector_62) <= (_vector_spacing << 0x5))), function at exception vector 62 too large)

.vector_63      0x000000009fc019e0        0x0
 *(.vector_63)
                0x0000000000000001                ASSERT (((_vector_spacing == 0x0) || (SIZEOF (.vector_63) <= (_vector_spacing << 0x5))), function at exception vector 63 too large)

.startup
 *(.startup)

.text           0x000000009d000000        0x0
 *(.stub .gnu.linkonce.t.*)
 *(.text.*personality*)
 *(.mips16.fn.*)
 *(.mips16.call.*)
 *(.gnu.warning)
                0x000000009d000000                . = ALIGN (0x4)

.init           0x000000009d000000        0x0
 *crti.o(.init)
 *crtbegin.o(.init)
 *(EXCLUDE_FILE(*crtn.o *crtend?.o *crtend.o) .init)
 *crtend.o(.init)
 *crtn.o(.init)
                0x000000009d000000                . = ALIGN (0x4)

.fini           0x000000009d000000        0x0
 *(.fini)
                0x000000009d000000                . = ALIGN (0x4)

.preinit_array  0x000000009d000000        0x0
                [!provide]                        PROVIDE (__preinit_array_start = .)
 *(.preinit_array)
                [!provide]                        PROVIDE (__preinit_array_end = .)
                0x000000009d000000                . = ALIGN (0x4)

.init_array     0x000000009d000000        0x0
                [!provide]                        PROVIDE (__init_array_start = .)
 *(SORT_BY_NAME(.init_array.*))
 *(.init_array)
                [!provide]                        PROVIDE (__init_array_end = .)
                0x000000009d000000                . = ALIGN (0x4)

.fini_array     0x000000009d000000        0x0
                [!provide]                        PROVIDE (__fini_array_start = .)
 *(SORT_BY_NAME(.fini_array.*))
 *(.fini_array)
                [!provide]                        PROVIDE (__fini_array_end = .)
                0x000000009d000000                . = ALIGN (0x4)

.ctors          0x000000009d000000        0x0
 *crtbegin.o(.ctors)
 *crtbegin?.o(.ctors)
 *(EXCLUDE_FILE(*crtend?.o *crtend.o) .ctors)
 *(SORT_BY_NAME(.ctors.*))
 *(.ctors)
                0x000000009d000000                . = ALIGN (0x4)

.dtors          0x000000009d000000        0x0
 *crtbegin.o(.dtors)
 *crtbegin?.o(.dtors)
 *(EXCLUDE_FILE(*crtend?.o *crtend.o) .dtors)
 *(SORT_BY_NAME(.dtors.*))
 *(.dtors)
                0x000000009d000000                . = ALIGN (0x4)

.rodata         0x000000009d000000        0x0
 *(.gnu.linkonce.r.*)
 *(.rodata1)
                0x000000009d000000                . = ALIGN (0x4)

.sdata2         0x000000009d000000        0x0
 *(.sdata2 .sdata2.* .gnu.linkonce.s2.*)
                0x000000009d000000                . = ALIGN (0x4)

.sbss2          0x000000009d000000        0x0
 *(.sbss2 .sbss2.* .gnu.linkonce.sb2.*)
                0x000000009d000000                . = ALIGN (0x4)

.eh_frame_hdr
 *(.eh_frame_hdr)
                0x000000009d000000                . = ALIGN (0x4)

.eh_frame
 *(.eh_frame)
                0x000000009d000000                . = ALIGN (0x4)

.gcc_except_table
 *(.gcc_except_table .gcc_except_table.*)
                0x000000009d000000                . = ALIGN (0x4)

.dbg_data       0x00000000a0000200        0x0
                0x00000000a0000200                . = (. + DEFINED (_DEBUGGER)?0x200:0x0)

.jcr            0x00000000a0000200        0x0
 *(.jcr)
                0x00000000a0000200                . = ALIGN (0x4)

.eh_frame
 *(.eh_frame)
                0x00000000a0000200                . = ALIGN (0x4)

.gcc_except_table
 *(.gcc_except_table .gcc_except_table.*)
                0x00000000a0000200                . = ALIGN (0x4)

.persist        0x00000000a0000200        0x0
                0x00000000a0000200                _persist_begin = .
 *(.persist .persist.*)
                0x00000000a0000200                . = ALIGN (0x4)
                0x00000000a0000200                _persist_end = .

.data           0x00000000a0000200        0x0
 *(.gnu.linkonce.d.*)
 *(.data1)
                0x00000000a0000200                . = ALIGN (0x4)
                0x00000000a0000200                . = .
                0x00000000a00081f0                _gp = (ALIGN (0x10) + 0x7ff0)

.got            0x00000000a0000200        0x0
 *(.got.plt)
 *(.got)
                0x00000000a0000200                . = ALIGN (0x4)

.sdata          0x00000000a0000200        0x0
                0x00000000a0000200                _sdata_begin = .
 *(.sdata .sdata.* .gnu.linkonce.s.*)
                0x00000000a0000200                . = ALIGN (0x4)
                0x00000000a0000200                _sdata_end = .

.lit8
 *(.lit8)

.lit4
 *(.lit4)
                0x00000000a0000200                . = ALIGN (0x4)
                0x00000000a0000200                _data_end = .
                0x00000000a0000200                _bss_begin = .

.sbss           0x00000000a0000200       0x18
                0x00000000a0000200                _sbss_begin = .
 *(.dynsbss)
 *(.sbss .sbss.* .gnu.linkonce.sb.*)
 .sbss          0x00000000a0000200       0x10 build/default/debug/i2c.o
                0x00000000a0000200                out_x
                0x00000000a0000204                out_y
                0x00000000a0000208                out_z
                0x00000000a000020c                id
 .sbss          0x00000000a0000210        0x8 build/default/debug/newmain.o
                0x00000000a0000210                last_lux
                0x00000000a0000214                monitoring
 *(.scommon)
                0x00000000a0000218                _sbss_end = .
                0x00000000a0000218                . = ALIGN (0x4)

.bss            0x00000000a0000218        0x0
 *(.dynbss)
 *(COMMON)
                0x00000000a0000218                . = ALIGN ((. != 0x0)?0x4:0x1)
                0x00000000a0000218                . = ALIGN (0x4)
                0x00000000a0000218                _end = .
                0x00000000a0000218                _bss_end = .
                0x0000000000020000                _bmxdudba_address = LENGTH (kseg1_data_mem)
                0x0000000000020000                _bmxdupba_address = LENGTH (kseg1_data_mem)

/DISCARD/
 *(.pdr)
 *(.rel.dyn)
 *(.note.GNU-stack)
 *(.note.GNU-stack)
 *(.gnu_debuglink)
 *(.gnu.lto_*)
 *(.discard)

.gptab.sdata
 *(.gptab.data)
 *(.gptab.sdata)

.gptab.sbss
 *(.gptab.bss)
 *(.gptab.sbss)

.mdebug.abi32   0x0000000000000000        0x0
 *(.mdebug.abi32)
 .mdebug.abi32  0x0000000000000000        0x0 c:/program files/microchip/xc32/v4.45/bin/bin/../../lib/gcc/pic32mx/8.3.1/../../../../pic32mx/lib\software-debug-break.o
 .mdebug.abi32  0x0000000000000000        0x0 build/default/debug/LCD.o
 .mdebug.abi32  0x0000000000000000        0x0 build/default/debug/Timer.o
 .mdebug.abi32  0x0000000000000000        0x0 build/default/debug/i2c.o
 .mdebug.abi32  0x0000000000000000        0x0 build/default/debug/Uart.o
 .mdebug.abi32  0x0000000000000000        0x0 build/default/debug/newmain.o
 .mdebug.abi32  0x0000000000000000        0x0 build/default/debug/ADC.o
 .mdebug.abi32  0x0000000000000000        0x0 build/default/debug/Pin.o
 .mdebug.abi32  0x0000000000000000        0x0 build/default/debug/spi.o
 .mdebug.abi32  0x0000000000000000        0x0 build/default/debug/TSL2561.o
 .mdebug.abi32  0x0000000000000000        0x0 build/default/debug/Audio_PMW.o
 .mdebug.abi32  0x0000000000000000        0x0 c:/program files/microchip/xc32/v4.45/bin/bin/../../lib/gcc/pic32mx/8.3.1/../../../../pic32mx/lib\libpic32.a(default-bootstrap-exception-handler.o)
 .mdebug.abi32  0x0000000000000000        0x0 c:/program files/microchip/xc32/v4.45/bin/bin/../../lib/gcc/pic32mx/8.3.1/../../../../pic32mx/lib\libpic32.a(default-on-reset.o)
 .mdebug.abi32  0x0000000000000000        0x0 c:/program files/microchip/xc32/v4.45/bin/bin/../../lib/gcc/pic32mx/8.3.1/../../../../pic32mx/lib\libpic32.a(default-on-bootstrap.o)
 .mdebug.abi32  0x0000000000000000        0x0 c:/program files/microchip/xc32/v4.45/bin/bin/../../lib/gcc/pic32mx/8.3.1/../../../../pic32mx/lib\libpic32.a(default-general-exception-handler.o)
 .mdebug.abi32  0x0000000000000000        0x0 c:/program files/microchip/xc32/v4.45/bin/bin/../../lib/gcc/pic32mx/8.3.1/../../../../pic32mx/lib\libpic32.a(defaultinterrupt.o)
 .mdebug.abi32  0x0000000000000000        0x0 c:/program files/microchip/xc32/v4.45/bin/bin/../../lib/gcc/pic32mx/8.3.1/../../../../pic32mx/lib\libc-size-musl.a(strcmp.o)
 .mdebug.abi32  0x0000000000000000        0x0 c:/program files/microchip/xc32/v4.45/bin/bin/../../lib/gcc/pic32mx/8.3.1/../../../../pic32mx/lib\libc-musl.a(__sio_snprintf_dn.o)
 .mdebug.abi32  0x0000000000000000        0x0 c:/program files/microchip/xc32/v4.45/bin/bin/../../lib/gcc/pic32mx/8.3.1/../../../../pic32mx/lib\libc-musl.a(__sio_sprintf_dn.o)
 .mdebug.abi32  0x0000000000000000        0x0 c:/program files/microchip/xc32/v4.45/bin/bin/../../lib/gcc/pic32mx/8.3.1/../../../../pic32mx/lib\libc-musl.a(__fmt_d.o)
 .mdebug.abi32  0x0000000000000000        0x0 c:/program files/microchip/xc32/v4.45/bin/bin/../../lib/gcc/pic32mx/8.3.1/../../../../pic32mx/lib\libc-musl.a(__pop_int.o)
 .mdebug.abi32  0x0000000000000000        0x0 c:/program files/microchip/xc32/v4.45/bin/bin/../../lib/gcc/pic32mx/8.3.1/../../../../pic32mx/lib\libc-musl.a(__pop_ptr.o)
 .mdebug.abi32  0x0000000000000000        0x0 c:/program files/microchip/xc32/v4.45/bin/bin/../../lib/gcc/pic32mx/8.3.1/../../../../pic32mx/lib\libc-musl.a(__printf_core.o)
 .mdebug.abi32  0x0000000000000000        0x0 c:/program files/microchip/xc32/v4.45/bin/bin/../../lib/gcc/pic32mx/8.3.1/../../../../pic32mx/lib\libc-musl.a(atoi.o)
 .mdebug.abi32  0x0000000000000000        0x0 c:/program files/microchip/xc32/v4.45/bin/bin/../../lib/gcc/pic32mx/8.3.1/../../../../pic32mx/lib\libc-musl.a(tolower.o)
 .mdebug.abi32  0x0000000000000000        0x0 c:/program files/microchip/xc32/v4.45/bin/bin/../../lib/gcc/pic32mx/8.3.1/../../../../pic32mx/lib\libc-musl.a(__int_vsnprintf.o)
 .mdebug.abi32  0x0000000000000000        0x0 c:/program files/microchip/xc32/v4.45/bin/bin/../../lib/gcc/pic32mx/8.3.1/../../../../pic32mx/lib\libc-musl.a(__int_vsprintf.o)
 .mdebug.abi32  0x0000000000000000        0x0 c:/program files/microchip/xc32/v4.45/bin/bin/../../lib/gcc/pic32mx/8.3.1/../../../../pic32mx/lib\libc-musl.a(__cvt_u.o)
 .mdebug.abi32  0x0000000000000000        0x0 c:/program files/microchip/xc32/v4.45/bin/bin/../../lib/gcc/pic32mx/8.3.1/../../../../pic32mx/lib\libc-musl.a(__pop_float.o)
 .mdebug.abi32  0x0000000000000000        0x0 c:/program files/microchip/xc32/v4.45/bin/bin/../../lib/gcc/pic32mx/8.3.1/../../../../pic32mx/lib\libc-musl.a(__int_vfprintf.o)
 .mdebug.abi32  0x0000000000000000        0x0 c:/program files/microchip/xc32/v4.45/bin/bin/../../lib/gcc/pic32mx/8.3.1\libgcc.a(_udivdi3.o)
 .mdebug.abi32  0x0000000000000000        0x0 c:/program files/microchip/xc32/v4.45/bin/bin/../../lib/gcc/pic32mx/8.3.1\libgcc.a(_umoddi3.o)
 .mdebug.abi32  0x0000000000000000        0x0 c:/program files/microchip/xc32/v4.45/bin/bin/../../lib/gcc/pic32mx/8.3.1/../../../../pic32mx/lib\libpic32.a(errno.o)
 .mdebug.abi32  0x0000000000000000        0x0 c:/program files/microchip/xc32/v4.45/bin/bin/../../lib/gcc/pic32mx/8.3.1/../../../../pic32mx/lib\libc-size-musl.a(memcpy.o)
 .mdebug.abi32  0x0000000000000000        0x0 c:/program files/microchip/xc32/v4.45/bin/bin/../../lib/gcc/pic32mx/8.3.1/../../../../pic32mx/lib\libc-size-musl.a(memset.o)
 .mdebug.abi32  0x0000000000000000        0x0 c:/program files/microchip/xc32/v4.45/bin/bin/../../lib/gcc/pic32mx/8.3.1/../../../../pic32mx/lib\libc-size-musl.a(strlen.o)

.mdebug.abiN32
 *(.mdebug.abiN32)

.mdebug.abi64
 *(.mdebug.abi64)

.mdebug.abiO64
 *(.mdebug.abiO64)

.mdebug.eabi32
 *(.mdebug.eabi32)

.mdebug.eabi64
 *(.mdebug.eabi64)

.gcc_compiled_long32
 *(.gcc_compiled_long32)

.gcc_compiled_long64
 *(.gcc_compiled_long64)

.stab
 *(.stab)

.stabstr
 *(.stabstr)

.stab.excl
 *(.stab.excl)

.stab.exclstr
 *(.stab.exclstr)

.stab.index
 *(.stab.index)

.stab.indexstr
 *(.stab.indexstr)

.comment        0x0000000000000000       0x2b
 *(.comment)
 .comment       0x0000000000000000       0x2b c:/program files/microchip/xc32/v4.45/bin/bin/../../lib/gcc/pic32mx/8.3.1/../../../../pic32mx/lib\software-debug-break.o
                                         0x2c (size before relaxing)
 .comment       0x000000000000002b       0x2c build/default/debug/LCD.o
 .comment       0x000000000000002b       0x2c build/default/debug/Timer.o
 .comment       0x000000000000002b       0x2c build/default/debug/i2c.o
 .comment       0x000000000000002b       0x2c build/default/debug/Uart.o
 .comment       0x000000000000002b       0x2c build/default/debug/newmain.o
 .comment       0x000000000000002b       0x2c build/default/debug/ADC.o
 .comment       0x000000000000002b       0x2c build/default/debug/Pin.o
 .comment       0x000000000000002b       0x2c build/default/debug/spi.o
 .comment       0x000000000000002b       0x2c build/default/debug/TSL2561.o
 .comment       0x000000000000002b       0x2c build/default/debug/Audio_PMW.o
 .comment       0x000000000000002b       0x2c c:/program files/microchip/xc32/v4.45/bin/bin/../../lib/gcc/pic32mx/8.3.1/../../../../pic32mx/lib\libpic32.a(default-bootstrap-exception-handler.o)
 .comment       0x000000000000002b       0x2c c:/program files/microchip/xc32/v4.45/bin/bin/../../lib/gcc/pic32mx/8.3.1/../../../../pic32mx/lib\libpic32.a(default-on-reset.o)
 .comment       0x000000000000002b       0x2c c:/program files/microchip/xc32/v4.45/bin/bin/../../lib/gcc/pic32mx/8.3.1/../../../../pic32mx/lib\libpic32.a(default-on-bootstrap.o)
 .comment       0x000000000000002b       0x2c c:/program files/microchip/xc32/v4.45/bin/bin/../../lib/gcc/pic32mx/8.3.1/../../../../pic32mx/lib\libpic32.a(default-general-exception-handler.o)
 .comment       0x000000000000002b       0x2c c:/program files/microchip/xc32/v4.45/bin/bin/../../lib/gcc/pic32mx/8.3.1/../../../../pic32mx/lib\libpic32.a(defaultinterrupt.o)
 .comment       0x000000000000002b       0x2c c:/program files/microchip/xc32/v4.45/bin/bin/../../lib/gcc/pic32mx/8.3.1/../../../../pic32mx/lib\libc-size-musl.a(strcmp.o)
 .comment       0x000000000000002b       0x2c c:/program files/microchip/xc32/v4.45/bin/bin/../../lib/gcc/pic32mx/8.3.1/../../../../pic32mx/lib\libc-musl.a(__sio_snprintf_dn.o)
 .comment       0x000000000000002b       0x2c c:/program files/microchip/xc32/v4.45/bin/bin/../../lib/gcc/pic32mx/8.3.1/../../../../pic32mx/lib\libc-musl.a(__sio_sprintf_dn.o)
 .comment       0x000000000000002b       0x2c c:/program files/microchip/xc32/v4.45/bin/bin/../../lib/gcc/pic32mx/8.3.1/../../../../pic32mx/lib\libc-musl.a(__fmt_d.o)
 .comment       0x000000000000002b       0x2c c:/program files/microchip/xc32/v4.45/bin/bin/../../lib/gcc/pic32mx/8.3.1/../../../../pic32mx/lib\libc-musl.a(__pop_int.o)
 .comment       0x000000000000002b       0x2c c:/program files/microchip/xc32/v4.45/bin/bin/../../lib/gcc/pic32mx/8.3.1/../../../../pic32mx/lib\libc-musl.a(__pop_ptr.o)
 .comment       0x000000000000002b       0x2c c:/program files/microchip/xc32/v4.45/bin/bin/../../lib/gcc/pic32mx/8.3.1/../../../../pic32mx/lib\libc-musl.a(__printf_core.o)
 .comment       0x000000000000002b       0x2c c:/program files/microchip/xc32/v4.45/bin/bin/../../lib/gcc/pic32mx/8.3.1/../../../../pic32mx/lib\libc-musl.a(atoi.o)
 .comment       0x000000000000002b       0x2c c:/program files/microchip/xc32/v4.45/bin/bin/../../lib/gcc/pic32mx/8.3.1/../../../../pic32mx/lib\libc-musl.a(tolower.o)
 .comment       0x000000000000002b       0x2c c:/program files/microchip/xc32/v4.45/bin/bin/../../lib/gcc/pic32mx/8.3.1/../../../../pic32mx/lib\libc-musl.a(__int_vsnprintf.o)
 .comment       0x000000000000002b       0x2c c:/program files/microchip/xc32/v4.45/bin/bin/../../lib/gcc/pic32mx/8.3.1/../../../../pic32mx/lib\libc-musl.a(__int_vsprintf.o)
 .comment       0x000000000000002b       0x2c c:/program files/microchip/xc32/v4.45/bin/bin/../../lib/gcc/pic32mx/8.3.1/../../../../pic32mx/lib\libc-musl.a(__cvt_u.o)
 .comment       0x000000000000002b       0x2c c:/program files/microchip/xc32/v4.45/bin/bin/../../lib/gcc/pic32mx/8.3.1/../../../../pic32mx/lib\libc-musl.a(__pop_float.o)
 .comment       0x000000000000002b       0x2c c:/program files/microchip/xc32/v4.45/bin/bin/../../lib/gcc/pic32mx/8.3.1/../../../../pic32mx/lib\libc-musl.a(__int_vfprintf.o)
 .comment       0x000000000000002b       0x2c c:/program files/microchip/xc32/v4.45/bin/bin/../../lib/gcc/pic32mx/8.3.1\libgcc.a(_udivdi3.o)
 .comment       0x000000000000002b       0x2c c:/program files/microchip/xc32/v4.45/bin/bin/../../lib/gcc/pic32mx/8.3.1\libgcc.a(_umoddi3.o)
 .comment       0x000000000000002b       0x2c c:/program files/microchip/xc32/v4.45/bin/bin/../../lib/gcc/pic32mx/8.3.1/../../../../pic32mx/lib\libpic32.a(errno.o)
 .comment       0x000000000000002b       0x2c c:/program files/microchip/xc32/v4.45/bin/bin/../../lib/gcc/pic32mx/8.3.1/../../../../pic32mx/lib\libc-size-musl.a(memcpy.o)
 .comment       0x000000000000002b       0x2c c:/program files/microchip/xc32/v4.45/bin/bin/../../lib/gcc/pic32mx/8.3.1/../../../../pic32mx/lib\libc-size-musl.a(memset.o)
 .comment       0x000000000000002b       0x2c c:/program files/microchip/xc32/v4.45/bin/bin/../../lib/gcc/pic32mx/8.3.1/../../../../pic32mx/lib\libc-size-musl.a(strlen.o)

.debug
 *.elf(.debug)
 *(.debug)

.line
 *.elf(.line)
 *(.line)

.debug_srcinfo
 *.elf(.debug_srcinfo)
 *(.debug_srcinfo)

.debug_sfnames
 *.elf(.debug_sfnames)
 *(.debug_sfnames)

.debug_aranges  0x0000000000000000      0x4e8
 *.elf(.debug_aranges)
 *(.debug_aranges)
 .debug_aranges
                0x0000000000000000       0x20 c:/program files/microchip/xc32/v4.45/bin/bin/../../lib/gcc/pic32mx/8.3.1/../../../../pic32mx/lib\software-debug-break.o
 .debug_aranges
                0x0000000000000020       0x20 build/default/debug/LCD.o
 .debug_aranges
                0x0000000000000040       0x20 build/default/debug/Timer.o
 .debug_aranges
                0x0000000000000060       0x20 build/default/debug/i2c.o
 .debug_aranges
                0x0000000000000080       0x20 build/default/debug/Uart.o
 .debug_aranges
                0x00000000000000a0       0x20 build/default/debug/newmain.o
 .debug_aranges
                0x00000000000000c0       0x20 build/default/debug/ADC.o
 .debug_aranges
                0x00000000000000e0       0x20 build/default/debug/Pin.o
 .debug_aranges
                0x0000000000000100       0x20 build/default/debug/spi.o
 .debug_aranges
                0x0000000000000120       0x20 build/default/debug/TSL2561.o
 .debug_aranges
                0x0000000000000140       0x20 build/default/debug/Audio_PMW.o
 .debug_aranges
                0x0000000000000160       0x40 C:\Users\roeld\AppData\Local\Temp\ccN12fBi.o
 .debug_aranges
                0x00000000000001a0       0x20 c:/program files/microchip/xc32/v4.45/bin/bin/../../lib/gcc/pic32mx/8.3.1/../../../../pic32mx/lib\libpic32.a(default-bootstrap-exception-handler.o)
 .debug_aranges
                0x00000000000001c0       0x20 c:/program files/microchip/xc32/v4.45/bin/bin/../../lib/gcc/pic32mx/8.3.1/../../../../pic32mx/lib\libpic32.a(default-on-reset.o)
 .debug_aranges
                0x00000000000001e0       0x20 c:/program files/microchip/xc32/v4.45/bin/bin/../../lib/gcc/pic32mx/8.3.1/../../../../pic32mx/lib\libpic32.a(default-on-bootstrap.o)
 .debug_aranges
                0x0000000000000200       0x20 c:/program files/microchip/xc32/v4.45/bin/bin/../../lib/gcc/pic32mx/8.3.1/../../../../pic32mx/lib\libpic32.a(default-general-exception-handler.o)
 .debug_aranges
                0x0000000000000220       0x20 c:/program files/microchip/xc32/v4.45/bin/bin/../../lib/gcc/pic32mx/8.3.1/../../../../pic32mx/lib\libpic32.a(defaultinterrupt.o)
 .debug_aranges
                0x0000000000000240       0x20 c:/program files/microchip/xc32/v4.45/bin/bin/../../lib/gcc/pic32mx/8.3.1/../../../../pic32mx/lib\libc-size-musl.a(strcmp.o)
 .debug_aranges
                0x0000000000000260       0x28 c:/program files/microchip/xc32/v4.45/bin/bin/../../lib/gcc/pic32mx/8.3.1/../../../../pic32mx/lib\libc-musl.a(__sio_snprintf_dn.o)
 .debug_aranges
                0x0000000000000288       0x28 c:/program files/microchip/xc32/v4.45/bin/bin/../../lib/gcc/pic32mx/8.3.1/../../../../pic32mx/lib\libc-musl.a(__sio_sprintf_dn.o)
 .debug_aranges
                0x00000000000002b0       0x20 c:/program files/microchip/xc32/v4.45/bin/bin/../../lib/gcc/pic32mx/8.3.1/../../../../pic32mx/lib\libc-musl.a(__fmt_d.o)
 .debug_aranges
                0x00000000000002d0       0x20 c:/program files/microchip/xc32/v4.45/bin/bin/../../lib/gcc/pic32mx/8.3.1/../../../../pic32mx/lib\libc-musl.a(__pop_int.o)
 .debug_aranges
                0x00000000000002f0       0x20 c:/program files/microchip/xc32/v4.45/bin/bin/../../lib/gcc/pic32mx/8.3.1/../../../../pic32mx/lib\libc-musl.a(__pop_ptr.o)
 .debug_aranges
                0x0000000000000310       0x50 c:/program files/microchip/xc32/v4.45/bin/bin/../../lib/gcc/pic32mx/8.3.1/../../../../pic32mx/lib\libc-musl.a(__printf_core.o)
 .debug_aranges
                0x0000000000000360       0x20 c:/program files/microchip/xc32/v4.45/bin/bin/../../lib/gcc/pic32mx/8.3.1/../../../../pic32mx/lib\libc-musl.a(atoi.o)
 .debug_aranges
                0x0000000000000380       0x28 c:/program files/microchip/xc32/v4.45/bin/bin/../../lib/gcc/pic32mx/8.3.1/../../../../pic32mx/lib\libc-musl.a(tolower.o)
 .debug_aranges
                0x00000000000003a8       0x20 c:/program files/microchip/xc32/v4.45/bin/bin/../../lib/gcc/pic32mx/8.3.1/../../../../pic32mx/lib\libc-musl.a(__int_vsnprintf.o)
 .debug_aranges
                0x00000000000003c8       0x20 c:/program files/microchip/xc32/v4.45/bin/bin/../../lib/gcc/pic32mx/8.3.1/../../../../pic32mx/lib\libc-musl.a(__int_vsprintf.o)
 .debug_aranges
                0x00000000000003e8       0x20 c:/program files/microchip/xc32/v4.45/bin/bin/../../lib/gcc/pic32mx/8.3.1/../../../../pic32mx/lib\libc-musl.a(__cvt_u.o)
 .debug_aranges
                0x0000000000000408       0x20 c:/program files/microchip/xc32/v4.45/bin/bin/../../lib/gcc/pic32mx/8.3.1/../../../../pic32mx/lib\libc-musl.a(__pop_float.o)
 .debug_aranges
                0x0000000000000428       0x20 c:/program files/microchip/xc32/v4.45/bin/bin/../../lib/gcc/pic32mx/8.3.1/../../../../pic32mx/lib\libc-musl.a(__int_vfprintf.o)
 .debug_aranges
                0x0000000000000448       0x20 c:/program files/microchip/xc32/v4.45/bin/bin/../../lib/gcc/pic32mx/8.3.1\libgcc.a(_udivdi3.o)
 .debug_aranges
                0x0000000000000468       0x20 c:/program files/microchip/xc32/v4.45/bin/bin/../../lib/gcc/pic32mx/8.3.1\libgcc.a(_umoddi3.o)
 .debug_aranges
                0x0000000000000488       0x20 c:/program files/microchip/xc32/v4.45/bin/bin/../../lib/gcc/pic32mx/8.3.1/../../../../pic32mx/lib\libc-size-musl.a(memcpy.o)
 .debug_aranges
                0x00000000000004a8       0x20 c:/program files/microchip/xc32/v4.45/bin/bin/../../lib/gcc/pic32mx/8.3.1/../../../../pic32mx/lib\libc-size-musl.a(memset.o)
 .debug_aranges
                0x00000000000004c8       0x20 c:/program files/microchip/xc32/v4.45/bin/bin/../../lib/gcc/pic32mx/8.3.1/../../../../pic32mx/lib\libc-size-musl.a(strlen.o)

.debug_pubnames
 *.elf(.debug_pubnames)
 *(.debug_pubnames)

.debug_info     0x0000000000000000     0x6976
 *.elf(.debug_info .gnu.linkonce.wi.*)
 *(.debug_info .gnu.linkonce.wi.*)
 .debug_info    0x0000000000000000       0x3f c:/program files/microchip/xc32/v4.45/bin/bin/../../lib/gcc/pic32mx/8.3.1/../../../../pic32mx/lib\software-debug-break.o
 .debug_info    0x000000000000003f      0x877 build/default/debug/LCD.o
 .debug_info    0x00000000000008b6      0x346 build/default/debug/Timer.o
 .debug_info    0x0000000000000bfc      0x569 build/default/debug/i2c.o
 .debug_info    0x0000000000001165      0x768 build/default/debug/Uart.o
 .debug_info    0x00000000000018cd      0xd85 build/default/debug/newmain.o
 .debug_info    0x0000000000002652      0x2da build/default/debug/ADC.o
 .debug_info    0x000000000000292c      0x392 build/default/debug/Pin.o
 .debug_info    0x0000000000002cbe      0x58e build/default/debug/spi.o
 .debug_info    0x000000000000324c      0x111 build/default/debug/TSL2561.o
 .debug_info    0x000000000000335d      0x684 build/default/debug/Audio_PMW.o
 .debug_info    0x00000000000039e1       0x22 C:\Users\roeld\AppData\Local\Temp\ccN12fBi.o
 .debug_info    0x0000000000003a03       0x41 c:/program files/microchip/xc32/v4.45/bin/bin/../../lib/gcc/pic32mx/8.3.1/../../../../pic32mx/lib\libpic32.a(default-bootstrap-exception-handler.o)
 .debug_info    0x0000000000003a44       0x3f c:/program files/microchip/xc32/v4.45/bin/bin/../../lib/gcc/pic32mx/8.3.1/../../../../pic32mx/lib\libpic32.a(default-on-reset.o)
 .debug_info    0x0000000000003a83       0x3f c:/program files/microchip/xc32/v4.45/bin/bin/../../lib/gcc/pic32mx/8.3.1/../../../../pic32mx/lib\libpic32.a(default-on-bootstrap.o)
 .debug_info    0x0000000000003ac2       0x41 c:/program files/microchip/xc32/v4.45/bin/bin/../../lib/gcc/pic32mx/8.3.1/../../../../pic32mx/lib\libpic32.a(default-general-exception-handler.o)
 .debug_info    0x0000000000003b03       0x40 c:/program files/microchip/xc32/v4.45/bin/bin/../../lib/gcc/pic32mx/8.3.1/../../../../pic32mx/lib\libpic32.a(defaultinterrupt.o)
 .debug_info    0x0000000000003b43       0x93 c:/program files/microchip/xc32/v4.45/bin/bin/../../lib/gcc/pic32mx/8.3.1/../../../../pic32mx/lib\libc-size-musl.a(strcmp.o)
 .debug_info    0x0000000000003bd6      0x1b0 c:/program files/microchip/xc32/v4.45/bin/bin/../../lib/gcc/pic32mx/8.3.1/../../../../pic32mx/lib\libc-musl.a(__sio_snprintf_dn.o)
 .debug_info    0x0000000000003d86      0x18b c:/program files/microchip/xc32/v4.45/bin/bin/../../lib/gcc/pic32mx/8.3.1/../../../../pic32mx/lib\libc-musl.a(__sio_sprintf_dn.o)
 .debug_info    0x0000000000003f11      0x327 c:/program files/microchip/xc32/v4.45/bin/bin/../../lib/gcc/pic32mx/8.3.1/../../../../pic32mx/lib\libc-musl.a(__fmt_d.o)
 .debug_info    0x0000000000004238      0x14e c:/program files/microchip/xc32/v4.45/bin/bin/../../lib/gcc/pic32mx/8.3.1/../../../../pic32mx/lib\libc-musl.a(__pop_int.o)
 .debug_info    0x0000000000004386      0x15e c:/program files/microchip/xc32/v4.45/bin/bin/../../lib/gcc/pic32mx/8.3.1/../../../../pic32mx/lib\libc-musl.a(__pop_ptr.o)
 .debug_info    0x00000000000044e4      0xa27 c:/program files/microchip/xc32/v4.45/bin/bin/../../lib/gcc/pic32mx/8.3.1/../../../../pic32mx/lib\libc-musl.a(__printf_core.o)
 .debug_info    0x0000000000004f0b       0xee c:/program files/microchip/xc32/v4.45/bin/bin/../../lib/gcc/pic32mx/8.3.1/../../../../pic32mx/lib\libc-musl.a(atoi.o)
 .debug_info    0x0000000000004ff9      0x11b c:/program files/microchip/xc32/v4.45/bin/bin/../../lib/gcc/pic32mx/8.3.1/../../../../pic32mx/lib\libc-musl.a(tolower.o)
 .debug_info    0x0000000000005114      0x1f5 c:/program files/microchip/xc32/v4.45/bin/bin/../../lib/gcc/pic32mx/8.3.1/../../../../pic32mx/lib\libc-musl.a(__int_vsnprintf.o)
 .debug_info    0x0000000000005309      0x127 c:/program files/microchip/xc32/v4.45/bin/bin/../../lib/gcc/pic32mx/8.3.1/../../../../pic32mx/lib\libc-musl.a(__int_vsprintf.o)
 .debug_info    0x0000000000005430      0x1d0 c:/program files/microchip/xc32/v4.45/bin/bin/../../lib/gcc/pic32mx/8.3.1/../../../../pic32mx/lib\libc-musl.a(__cvt_u.o)
 .debug_info    0x0000000000005600      0x134 c:/program files/microchip/xc32/v4.45/bin/bin/../../lib/gcc/pic32mx/8.3.1/../../../../pic32mx/lib\libc-musl.a(__pop_float.o)
 .debug_info    0x0000000000005734      0x1e0 c:/program files/microchip/xc32/v4.45/bin/bin/../../lib/gcc/pic32mx/8.3.1/../../../../pic32mx/lib\libc-musl.a(__int_vfprintf.o)
 .debug_info    0x0000000000005914      0x6ca c:/program files/microchip/xc32/v4.45/bin/bin/../../lib/gcc/pic32mx/8.3.1\libgcc.a(_udivdi3.o)
 .debug_info    0x0000000000005fde      0x73e c:/program files/microchip/xc32/v4.45/bin/bin/../../lib/gcc/pic32mx/8.3.1\libgcc.a(_umoddi3.o)
 .debug_info    0x000000000000671c       0xf7 c:/program files/microchip/xc32/v4.45/bin/bin/../../lib/gcc/pic32mx/8.3.1/../../../../pic32mx/lib\libc-size-musl.a(memcpy.o)
 .debug_info    0x0000000000006813       0xc0 c:/program files/microchip/xc32/v4.45/bin/bin/../../lib/gcc/pic32mx/8.3.1/../../../../pic32mx/lib\libc-size-musl.a(memset.o)
 .debug_info    0x00000000000068d3       0xa3 c:/program files/microchip/xc32/v4.45/bin/bin/../../lib/gcc/pic32mx/8.3.1/../../../../pic32mx/lib\libc-size-musl.a(strlen.o)

.debug_abbrev   0x0000000000000000     0x2172
 *.elf(.debug_abbrev)
 *(.debug_abbrev)
 .debug_abbrev  0x0000000000000000       0x2e c:/program files/microchip/xc32/v4.45/bin/bin/../../lib/gcc/pic32mx/8.3.1/../../../../pic32mx/lib\software-debug-break.o
 .debug_abbrev  0x000000000000002e      0x14c build/default/debug/LCD.o
 .debug_abbrev  0x000000000000017a      0x12c build/default/debug/Timer.o
 .debug_abbrev  0x00000000000002a6      0x188 build/default/debug/i2c.o
 .debug_abbrev  0x000000000000042e      0x19a build/default/debug/Uart.o
 .debug_abbrev  0x00000000000005c8      0x1d3 build/default/debug/newmain.o
 .debug_abbrev  0x000000000000079b      0x108 build/default/debug/ADC.o
 .debug_abbrev  0x00000000000008a3       0xd4 build/default/debug/Pin.o
 .debug_abbrev  0x0000000000000977      0x1a6 build/default/debug/spi.o
 .debug_abbrev  0x0000000000000b1d       0xa2 build/default/debug/TSL2561.o
 .debug_abbrev  0x0000000000000bbf       0xe7 build/default/debug/Audio_PMW.o
 .debug_abbrev  0x0000000000000ca6       0x12 C:\Users\roeld\AppData\Local\Temp\ccN12fBi.o
 .debug_abbrev  0x0000000000000cb8       0x31 c:/program files/microchip/xc32/v4.45/bin/bin/../../lib/gcc/pic32mx/8.3.1/../../../../pic32mx/lib\libpic32.a(default-bootstrap-exception-handler.o)
 .debug_abbrev  0x0000000000000ce9       0x2e c:/program files/microchip/xc32/v4.45/bin/bin/../../lib/gcc/pic32mx/8.3.1/../../../../pic32mx/lib\libpic32.a(default-on-reset.o)
 .debug_abbrev  0x0000000000000d17       0x2e c:/program files/microchip/xc32/v4.45/bin/bin/../../lib/gcc/pic32mx/8.3.1/../../../../pic32mx/lib\libpic32.a(default-on-bootstrap.o)
 .debug_abbrev  0x0000000000000d45       0x31 c:/program files/microchip/xc32/v4.45/bin/bin/../../lib/gcc/pic32mx/8.3.1/../../../../pic32mx/lib\libpic32.a(default-general-exception-handler.o)
 .debug_abbrev  0x0000000000000d76       0x31 c:/program files/microchip/xc32/v4.45/bin/bin/../../lib/gcc/pic32mx/8.3.1/../../../../pic32mx/lib\libpic32.a(defaultinterrupt.o)
 .debug_abbrev  0x0000000000000da7       0x6e c:/program files/microchip/xc32/v4.45/bin/bin/../../lib/gcc/pic32mx/8.3.1/../../../../pic32mx/lib\libc-size-musl.a(strcmp.o)
 .debug_abbrev  0x0000000000000e15      0x100 c:/program files/microchip/xc32/v4.45/bin/bin/../../lib/gcc/pic32mx/8.3.1/../../../../pic32mx/lib\libc-musl.a(__sio_snprintf_dn.o)
 .debug_abbrev  0x0000000000000f15      0x100 c:/program files/microchip/xc32/v4.45/bin/bin/../../lib/gcc/pic32mx/8.3.1/../../../../pic32mx/lib\libc-musl.a(__sio_sprintf_dn.o)
 .debug_abbrev  0x0000000000001015      0x161 c:/program files/microchip/xc32/v4.45/bin/bin/../../lib/gcc/pic32mx/8.3.1/../../../../pic32mx/lib\libc-musl.a(__fmt_d.o)
 .debug_abbrev  0x0000000000001176       0xc3 c:/program files/microchip/xc32/v4.45/bin/bin/../../lib/gcc/pic32mx/8.3.1/../../../../pic32mx/lib\libc-musl.a(__pop_int.o)
 .debug_abbrev  0x0000000000001239       0xd7 c:/program files/microchip/xc32/v4.45/bin/bin/../../lib/gcc/pic32mx/8.3.1/../../../../pic32mx/lib\libc-musl.a(__pop_ptr.o)
 .debug_abbrev  0x0000000000001310      0x318 c:/program files/microchip/xc32/v4.45/bin/bin/../../lib/gcc/pic32mx/8.3.1/../../../../pic32mx/lib\libc-musl.a(__printf_core.o)
 .debug_abbrev  0x0000000000001628       0xc4 c:/program files/microchip/xc32/v4.45/bin/bin/../../lib/gcc/pic32mx/8.3.1/../../../../pic32mx/lib\libc-musl.a(atoi.o)
 .debug_abbrev  0x00000000000016ec       0xf1 c:/program files/microchip/xc32/v4.45/bin/bin/../../lib/gcc/pic32mx/8.3.1/../../../../pic32mx/lib\libc-musl.a(tolower.o)
 .debug_abbrev  0x00000000000017dd      0x13a c:/program files/microchip/xc32/v4.45/bin/bin/../../lib/gcc/pic32mx/8.3.1/../../../../pic32mx/lib\libc-musl.a(__int_vsnprintf.o)
 .debug_abbrev  0x0000000000001917       0xb1 c:/program files/microchip/xc32/v4.45/bin/bin/../../lib/gcc/pic32mx/8.3.1/../../../../pic32mx/lib\libc-musl.a(__int_vsprintf.o)
 .debug_abbrev  0x00000000000019c8       0xe5 c:/program files/microchip/xc32/v4.45/bin/bin/../../lib/gcc/pic32mx/8.3.1/../../../../pic32mx/lib\libc-musl.a(__cvt_u.o)
 .debug_abbrev  0x0000000000001aad       0xc3 c:/program files/microchip/xc32/v4.45/bin/bin/../../lib/gcc/pic32mx/8.3.1/../../../../pic32mx/lib\libc-musl.a(__pop_float.o)
 .debug_abbrev  0x0000000000001b70      0x118 c:/program files/microchip/xc32/v4.45/bin/bin/../../lib/gcc/pic32mx/8.3.1/../../../../pic32mx/lib\libc-musl.a(__int_vfprintf.o)
 .debug_abbrev  0x0000000000001c88      0x184 c:/program files/microchip/xc32/v4.45/bin/bin/../../lib/gcc/pic32mx/8.3.1\libgcc.a(_udivdi3.o)
 .debug_abbrev  0x0000000000001e0c      0x19a c:/program files/microchip/xc32/v4.45/bin/bin/../../lib/gcc/pic32mx/8.3.1\libgcc.a(_umoddi3.o)
 .debug_abbrev  0x0000000000001fa6       0xaa c:/program files/microchip/xc32/v4.45/bin/bin/../../lib/gcc/pic32mx/8.3.1/../../../../pic32mx/lib\libc-size-musl.a(memcpy.o)
 .debug_abbrev  0x0000000000002050       0x91 c:/program files/microchip/xc32/v4.45/bin/bin/../../lib/gcc/pic32mx/8.3.1/../../../../pic32mx/lib\libc-size-musl.a(memset.o)
 .debug_abbrev  0x00000000000020e1       0x91 c:/program files/microchip/xc32/v4.45/bin/bin/../../lib/gcc/pic32mx/8.3.1/../../../../pic32mx/lib\libc-size-musl.a(strlen.o)

.debug_line     0x0000000000000000     0x3d39
 *.elf(.debug_line)
 *(.debug_line)
 .debug_line    0x0000000000000000       0xb0 c:/program files/microchip/xc32/v4.45/bin/bin/../../lib/gcc/pic32mx/8.3.1/../../../../pic32mx/lib\software-debug-break.o
 .debug_line    0x00000000000000b0      0x19e build/default/debug/LCD.o
 .debug_line    0x000000000000024e      0x15f build/default/debug/Timer.o
 .debug_line    0x00000000000003ad      0x1a9 build/default/debug/i2c.o
 .debug_line    0x0000000000000556      0x1f6 build/default/debug/Uart.o
 .debug_line    0x000000000000074c      0x283 build/default/debug/newmain.o
 .debug_line    0x00000000000009cf      0x146 build/default/debug/ADC.o
 .debug_line    0x0000000000000b15      0x131 build/default/debug/Pin.o
 .debug_line    0x0000000000000c46      0x1dc build/default/debug/spi.o
 .debug_line    0x0000000000000e22       0xf5 build/default/debug/TSL2561.o
 .debug_line    0x0000000000000f17      0x14a build/default/debug/Audio_PMW.o
 .debug_line    0x0000000000001061      0x152 C:\Users\roeld\AppData\Local\Temp\ccN12fBi.o
 .debug_line    0x00000000000011b3       0xc9 c:/program files/microchip/xc32/v4.45/bin/bin/../../lib/gcc/pic32mx/8.3.1/../../../../pic32mx/lib\libpic32.a(default-bootstrap-exception-handler.o)
 .debug_line    0x000000000000127c       0xa5 c:/program files/microchip/xc32/v4.45/bin/bin/../../lib/gcc/pic32mx/8.3.1/../../../../pic32mx/lib\libpic32.a(default-on-reset.o)
 .debug_line    0x0000000000001321       0xa9 c:/program files/microchip/xc32/v4.45/bin/bin/../../lib/gcc/pic32mx/8.3.1/../../../../pic32mx/lib\libpic32.a(default-on-bootstrap.o)
 .debug_line    0x00000000000013ca       0xc7 c:/program files/microchip/xc32/v4.45/bin/bin/../../lib/gcc/pic32mx/8.3.1/../../../../pic32mx/lib\libpic32.a(default-general-exception-handler.o)
 .debug_line    0x0000000000001491       0xc8 c:/program files/microchip/xc32/v4.45/bin/bin/../../lib/gcc/pic32mx/8.3.1/../../../../pic32mx/lib\libpic32.a(defaultinterrupt.o)
 .debug_line    0x0000000000001559       0xbe c:/program files/microchip/xc32/v4.45/bin/bin/../../lib/gcc/pic32mx/8.3.1/../../../../pic32mx/lib\libc-size-musl.a(strcmp.o)
 .debug_line    0x0000000000001617      0x1de c:/program files/microchip/xc32/v4.45/bin/bin/../../lib/gcc/pic32mx/8.3.1/../../../../pic32mx/lib\libc-musl.a(__sio_snprintf_dn.o)
 .debug_line    0x00000000000017f5      0x1dd c:/program files/microchip/xc32/v4.45/bin/bin/../../lib/gcc/pic32mx/8.3.1/../../../../pic32mx/lib\libc-musl.a(__sio_sprintf_dn.o)
 .debug_line    0x00000000000019d2      0x247 c:/program files/microchip/xc32/v4.45/bin/bin/../../lib/gcc/pic32mx/8.3.1/../../../../pic32mx/lib\libc-musl.a(__fmt_d.o)
 .debug_line    0x0000000000001c19      0x243 c:/program files/microchip/xc32/v4.45/bin/bin/../../lib/gcc/pic32mx/8.3.1/../../../../pic32mx/lib\libc-musl.a(__pop_int.o)
 .debug_line    0x0000000000001e5c      0x1fc c:/program files/microchip/xc32/v4.45/bin/bin/../../lib/gcc/pic32mx/8.3.1/../../../../pic32mx/lib\libc-musl.a(__pop_ptr.o)
 .debug_line    0x0000000000002058      0x6f7 c:/program files/microchip/xc32/v4.45/bin/bin/../../lib/gcc/pic32mx/8.3.1/../../../../pic32mx/lib\libc-musl.a(__printf_core.o)
 .debug_line    0x000000000000274f      0x16c c:/program files/microchip/xc32/v4.45/bin/bin/../../lib/gcc/pic32mx/8.3.1/../../../../pic32mx/lib\libc-musl.a(atoi.o)
 .debug_line    0x00000000000028bb      0x1aa c:/program files/microchip/xc32/v4.45/bin/bin/../../lib/gcc/pic32mx/8.3.1/../../../../pic32mx/lib\libc-musl.a(tolower.o)
 .debug_line    0x0000000000002a65      0x253 c:/program files/microchip/xc32/v4.45/bin/bin/../../lib/gcc/pic32mx/8.3.1/../../../../pic32mx/lib\libc-musl.a(__int_vsnprintf.o)
 .debug_line    0x0000000000002cb8      0x194 c:/program files/microchip/xc32/v4.45/bin/bin/../../lib/gcc/pic32mx/8.3.1/../../../../pic32mx/lib\libc-musl.a(__int_vsprintf.o)
 .debug_line    0x0000000000002e4c      0x22b c:/program files/microchip/xc32/v4.45/bin/bin/../../lib/gcc/pic32mx/8.3.1/../../../../pic32mx/lib\libc-musl.a(__cvt_u.o)
 .debug_line    0x0000000000003077      0x1a4 c:/program files/microchip/xc32/v4.45/bin/bin/../../lib/gcc/pic32mx/8.3.1/../../../../pic32mx/lib\libc-musl.a(__pop_float.o)
 .debug_line    0x000000000000321b      0x1b2 c:/program files/microchip/xc32/v4.45/bin/bin/../../lib/gcc/pic32mx/8.3.1/../../../../pic32mx/lib\libc-musl.a(__int_vfprintf.o)
 .debug_line    0x00000000000033cd      0x2d8 c:/program files/microchip/xc32/v4.45/bin/bin/../../lib/gcc/pic32mx/8.3.1\libgcc.a(_udivdi3.o)
 .debug_line    0x00000000000036a5      0x30f c:/program files/microchip/xc32/v4.45/bin/bin/../../lib/gcc/pic32mx/8.3.1\libgcc.a(_umoddi3.o)
 .debug_line    0x00000000000039b4        0x0 c:/program files/microchip/xc32/v4.45/bin/bin/../../lib/gcc/pic32mx/8.3.1/../../../../pic32mx/lib\libpic32.a(errno.o)
 .debug_line    0x00000000000039b4      0x133 c:/program files/microchip/xc32/v4.45/bin/bin/../../lib/gcc/pic32mx/8.3.1/../../../../pic32mx/lib\libc-size-musl.a(memcpy.o)
 .debug_line    0x0000000000003ae7      0x127 c:/program files/microchip/xc32/v4.45/bin/bin/../../lib/gcc/pic32mx/8.3.1/../../../../pic32mx/lib\libc-size-musl.a(memset.o)
 .debug_line    0x0000000000003c0e      0x12b c:/program files/microchip/xc32/v4.45/bin/bin/../../lib/gcc/pic32mx/8.3.1/../../../../pic32mx/lib\libc-size-musl.a(strlen.o)

.debug_frame    0x0000000000000000      0xba0
 *.elf(.debug_frame)
 *(.debug_frame)
 .debug_frame   0x0000000000000000       0x20 c:/program files/microchip/xc32/v4.45/bin/bin/../../lib/gcc/pic32mx/8.3.1/../../../../pic32mx/lib\software-debug-break.o
 .debug_frame   0x0000000000000020       0x9c build/default/debug/LCD.o
 .debug_frame   0x00000000000000bc       0x74 build/default/debug/Timer.o
 .debug_frame   0x0000000000000130       0xf4 build/default/debug/i2c.o
 .debug_frame   0x0000000000000224      0x120 build/default/debug/Uart.o
 .debug_frame   0x0000000000000344      0x1c4 build/default/debug/newmain.o
 .debug_frame   0x0000000000000508       0x54 build/default/debug/ADC.o
 .debug_frame   0x000000000000055c       0x30 build/default/debug/Pin.o
 .debug_frame   0x000000000000058c       0xe0 build/default/debug/spi.o
 .debug_frame   0x000000000000066c       0x7c build/default/debug/TSL2561.o
 .debug_frame   0x00000000000006e8       0x30 build/default/debug/Audio_PMW.o
 .debug_frame   0x0000000000000718       0x2c c:/program files/microchip/xc32/v4.45/bin/bin/../../lib/gcc/pic32mx/8.3.1/../../../../pic32mx/lib\libpic32.a(default-bootstrap-exception-handler.o)
 .debug_frame   0x0000000000000744       0x20 c:/program files/microchip/xc32/v4.45/bin/bin/../../lib/gcc/pic32mx/8.3.1/../../../../pic32mx/lib\libpic32.a(default-on-reset.o)
 .debug_frame   0x0000000000000764       0x20 c:/program files/microchip/xc32/v4.45/bin/bin/../../lib/gcc/pic32mx/8.3.1/../../../../pic32mx/lib\libpic32.a(default-on-bootstrap.o)
 .debug_frame   0x0000000000000784       0x2c c:/program files/microchip/xc32/v4.45/bin/bin/../../lib/gcc/pic32mx/8.3.1/../../../../pic32mx/lib\libpic32.a(default-general-exception-handler.o)
 .debug_frame   0x00000000000007b0       0x20 c:/program files/microchip/xc32/v4.45/bin/bin/../../lib/gcc/pic32mx/8.3.1/../../../../pic32mx/lib\libpic32.a(defaultinterrupt.o)
 .debug_frame   0x00000000000007d0       0x20 c:/program files/microchip/xc32/v4.45/bin/bin/../../lib/gcc/pic32mx/8.3.1/../../../../pic32mx/lib\libc-size-musl.a(strcmp.o)
 .debug_frame   0x00000000000007f0       0x48 c:/program files/microchip/xc32/v4.45/bin/bin/../../lib/gcc/pic32mx/8.3.1/../../../../pic32mx/lib\libc-musl.a(__sio_snprintf_dn.o)
 .debug_frame   0x0000000000000838       0x48 c:/program files/microchip/xc32/v4.45/bin/bin/../../lib/gcc/pic32mx/8.3.1/../../../../pic32mx/lib\libc-musl.a(__sio_sprintf_dn.o)
 .debug_frame   0x0000000000000880       0x38 c:/program files/microchip/xc32/v4.45/bin/bin/../../lib/gcc/pic32mx/8.3.1/../../../../pic32mx/lib\libc-musl.a(__fmt_d.o)
 .debug_frame   0x00000000000008b8       0x20 c:/program files/microchip/xc32/v4.45/bin/bin/../../lib/gcc/pic32mx/8.3.1/../../../../pic32mx/lib\libc-musl.a(__pop_int.o)
 .debug_frame   0x00000000000008d8       0x20 c:/program files/microchip/xc32/v4.45/bin/bin/../../lib/gcc/pic32mx/8.3.1/../../../../pic32mx/lib\libc-musl.a(__pop_ptr.o)
 .debug_frame   0x00000000000008f8       0xc8 c:/program files/microchip/xc32/v4.45/bin/bin/../../lib/gcc/pic32mx/8.3.1/../../../../pic32mx/lib\libc-musl.a(__printf_core.o)
 .debug_frame   0x00000000000009c0       0x20 c:/program files/microchip/xc32/v4.45/bin/bin/../../lib/gcc/pic32mx/8.3.1/../../../../pic32mx/lib\libc-musl.a(atoi.o)
 .debug_frame   0x00000000000009e0       0x3c c:/program files/microchip/xc32/v4.45/bin/bin/../../lib/gcc/pic32mx/8.3.1/../../../../pic32mx/lib\libc-musl.a(tolower.o)
 .debug_frame   0x0000000000000a1c       0x2c c:/program files/microchip/xc32/v4.45/bin/bin/../../lib/gcc/pic32mx/8.3.1/../../../../pic32mx/lib\libc-musl.a(__int_vsnprintf.o)
 .debug_frame   0x0000000000000a48       0x2c c:/program files/microchip/xc32/v4.45/bin/bin/../../lib/gcc/pic32mx/8.3.1/../../../../pic32mx/lib\libc-musl.a(__int_vsprintf.o)
 .debug_frame   0x0000000000000a74       0x40 c:/program files/microchip/xc32/v4.45/bin/bin/../../lib/gcc/pic32mx/8.3.1/../../../../pic32mx/lib\libc-musl.a(__cvt_u.o)
 .debug_frame   0x0000000000000ab4       0x20 c:/program files/microchip/xc32/v4.45/bin/bin/../../lib/gcc/pic32mx/8.3.1/../../../../pic32mx/lib\libc-musl.a(__pop_float.o)
 .debug_frame   0x0000000000000ad4       0x2c c:/program files/microchip/xc32/v4.45/bin/bin/../../lib/gcc/pic32mx/8.3.1/../../../../pic32mx/lib\libc-musl.a(__int_vfprintf.o)
 .debug_frame   0x0000000000000b00       0x20 c:/program files/microchip/xc32/v4.45/bin/bin/../../lib/gcc/pic32mx/8.3.1\libgcc.a(_udivdi3.o)
 .debug_frame   0x0000000000000b20       0x20 c:/program files/microchip/xc32/v4.45/bin/bin/../../lib/gcc/pic32mx/8.3.1\libgcc.a(_umoddi3.o)
 .debug_frame   0x0000000000000b40       0x20 c:/program files/microchip/xc32/v4.45/bin/bin/../../lib/gcc/pic32mx/8.3.1/../../../../pic32mx/lib\libc-size-musl.a(memcpy.o)
 .debug_frame   0x0000000000000b60       0x20 c:/program files/microchip/xc32/v4.45/bin/bin/../../lib/gcc/pic32mx/8.3.1/../../../../pic32mx/lib\libc-size-musl.a(memset.o)
 .debug_frame   0x0000000000000b80       0x20 c:/program files/microchip/xc32/v4.45/bin/bin/../../lib/gcc/pic32mx/8.3.1/../../../../pic32mx/lib\libc-size-musl.a(strlen.o)

.debug_str      0x0000000000000000     0x8605
 *.elf(.debug_str)
 *(.debug_str)
 .debug_str     0x0000000000000000      0x347 c:/program files/microchip/xc32/v4.45/bin/bin/../../lib/gcc/pic32mx/8.3.1/../../../../pic32mx/lib\software-debug-break.o
 .debug_str     0x0000000000000347      0x557 build/default/debug/LCD.o
 .debug_str     0x000000000000089e      0x36b build/default/debug/Timer.o
 .debug_str     0x0000000000000c09      0x423 build/default/debug/i2c.o
 .debug_str     0x000000000000102c      0x50a build/default/debug/Uart.o
 .debug_str     0x0000000000001536      0x6df build/default/debug/newmain.o
 .debug_str     0x0000000000001c15      0x396 build/default/debug/ADC.o
 .debug_str     0x0000000000001fab      0x3c9 build/default/debug/Pin.o
 .debug_str     0x0000000000002374      0x477 build/default/debug/spi.o
 .debug_str     0x00000000000027eb      0x2d5 build/default/debug/TSL2561.o
 .debug_str     0x0000000000002ac0      0x47d build/default/debug/Audio_PMW.o
 .debug_str     0x0000000000002f3d       0x97 C:\Users\roeld\AppData\Local\Temp\ccN12fBi.o
 .debug_str     0x0000000000002fd4      0x357 c:/program files/microchip/xc32/v4.45/bin/bin/../../lib/gcc/pic32mx/8.3.1/../../../../pic32mx/lib\libpic32.a(default-bootstrap-exception-handler.o)
 .debug_str     0x000000000000332b      0x331 c:/program files/microchip/xc32/v4.45/bin/bin/../../lib/gcc/pic32mx/8.3.1/../../../../pic32mx/lib\libpic32.a(default-on-reset.o)
 .debug_str     0x000000000000365c      0x339 c:/program files/microchip/xc32/v4.45/bin/bin/../../lib/gcc/pic32mx/8.3.1/../../../../pic32mx/lib\libpic32.a(default-on-bootstrap.o)
 .debug_str     0x0000000000003995      0x353 c:/program files/microchip/xc32/v4.45/bin/bin/../../lib/gcc/pic32mx/8.3.1/../../../../pic32mx/lib\libpic32.a(default-general-exception-handler.o)
 .debug_str     0x0000000000003ce8      0x34b c:/program files/microchip/xc32/v4.45/bin/bin/../../lib/gcc/pic32mx/8.3.1/../../../../pic32mx/lib\libpic32.a(defaultinterrupt.o)
 .debug_str     0x0000000000004033      0x2e8 c:/program files/microchip/xc32/v4.45/bin/bin/../../lib/gcc/pic32mx/8.3.1/../../../../pic32mx/lib\libc-size-musl.a(strcmp.o)
 .debug_str     0x000000000000431b      0x3d2 c:/program files/microchip/xc32/v4.45/bin/bin/../../lib/gcc/pic32mx/8.3.1/../../../../pic32mx/lib\libc-musl.a(__sio_snprintf_dn.o)
 .debug_str     0x00000000000046ed      0x3c7 c:/program files/microchip/xc32/v4.45/bin/bin/../../lib/gcc/pic32mx/8.3.1/../../../../pic32mx/lib\libc-musl.a(__sio_sprintf_dn.o)
 .debug_str     0x0000000000004ab4      0x3cc c:/program files/microchip/xc32/v4.45/bin/bin/../../lib/gcc/pic32mx/8.3.1/../../../../pic32mx/lib\libc-musl.a(__fmt_d.o)
 .debug_str     0x0000000000004e80      0x3a5 c:/program files/microchip/xc32/v4.45/bin/bin/../../lib/gcc/pic32mx/8.3.1/../../../../pic32mx/lib\libc-musl.a(__pop_int.o)
 .debug_str     0x0000000000005225      0x3a7 c:/program files/microchip/xc32/v4.45/bin/bin/../../lib/gcc/pic32mx/8.3.1/../../../../pic32mx/lib\libc-musl.a(__pop_ptr.o)
 .debug_str     0x00000000000055cc      0x4bb c:/program files/microchip/xc32/v4.45/bin/bin/../../lib/gcc/pic32mx/8.3.1/../../../../pic32mx/lib\libc-musl.a(__printf_core.o)
 .debug_str     0x0000000000005a87      0x305 c:/program files/microchip/xc32/v4.45/bin/bin/../../lib/gcc/pic32mx/8.3.1/../../../../pic32mx/lib\libc-musl.a(atoi.o)
 .debug_str     0x0000000000005d8c      0x332 c:/program files/microchip/xc32/v4.45/bin/bin/../../lib/gcc/pic32mx/8.3.1/../../../../pic32mx/lib\libc-musl.a(tolower.o)
 .debug_str     0x00000000000060be      0x3c8 c:/program files/microchip/xc32/v4.45/bin/bin/../../lib/gcc/pic32mx/8.3.1/../../../../pic32mx/lib\libc-musl.a(__int_vsnprintf.o)
 .debug_str     0x0000000000006486      0x380 c:/program files/microchip/xc32/v4.45/bin/bin/../../lib/gcc/pic32mx/8.3.1/../../../../pic32mx/lib\libc-musl.a(__int_vsprintf.o)
 .debug_str     0x0000000000006806      0x388 c:/program files/microchip/xc32/v4.45/bin/bin/../../lib/gcc/pic32mx/8.3.1/../../../../pic32mx/lib\libc-musl.a(__cvt_u.o)
 .debug_str     0x0000000000006b8e      0x39a c:/program files/microchip/xc32/v4.45/bin/bin/../../lib/gcc/pic32mx/8.3.1/../../../../pic32mx/lib\libc-musl.a(__pop_float.o)
 .debug_str     0x0000000000006f28      0x3c3 c:/program files/microchip/xc32/v4.45/bin/bin/../../lib/gcc/pic32mx/8.3.1/../../../../pic32mx/lib\libc-musl.a(__int_vfprintf.o)
 .debug_str     0x00000000000072eb      0x375 c:/program files/microchip/xc32/v4.45/bin/bin/../../lib/gcc/pic32mx/8.3.1\libgcc.a(_udivdi3.o)
 .debug_str     0x0000000000007660      0x375 c:/program files/microchip/xc32/v4.45/bin/bin/../../lib/gcc/pic32mx/8.3.1\libgcc.a(_umoddi3.o)
 .debug_str     0x00000000000079d5      0x31c c:/program files/microchip/xc32/v4.45/bin/bin/../../lib/gcc/pic32mx/8.3.1/../../../../pic32mx/lib\libpic32.a(errno.o)
 .debug_str     0x0000000000007cf1      0x312 c:/program files/microchip/xc32/v4.45/bin/bin/../../lib/gcc/pic32mx/8.3.1/../../../../pic32mx/lib\libc-size-musl.a(memcpy.o)
 .debug_str     0x0000000000008003      0x2fe c:/program files/microchip/xc32/v4.45/bin/bin/../../lib/gcc/pic32mx/8.3.1/../../../../pic32mx/lib\libc-size-musl.a(memset.o)
 .debug_str     0x0000000000008301      0x304 c:/program files/microchip/xc32/v4.45/bin/bin/../../lib/gcc/pic32mx/8.3.1/../../../../pic32mx/lib\libc-size-musl.a(strlen.o)

.debug_loc      0x0000000000000000     0x2fe8
 *.elf(.debug_loc)
 *(.debug_loc)
 .debug_loc     0x0000000000000000      0x110 build/default/debug/LCD.o
 .debug_loc     0x0000000000000110       0xcc build/default/debug/Timer.o
 .debug_loc     0x00000000000001dc      0x1dc build/default/debug/i2c.o
 .debug_loc     0x00000000000003b8      0x220 build/default/debug/Uart.o
 .debug_loc     0x00000000000005d8      0x2da build/default/debug/newmain.o
 .debug_loc     0x00000000000008b2       0x88 build/default/debug/ADC.o
 .debug_loc     0x000000000000093a       0x44 build/default/debug/Pin.o
 .debug_loc     0x000000000000097e      0x198 build/default/debug/spi.o
 .debug_loc     0x0000000000000b16       0xcc build/default/debug/TSL2561.o
 .debug_loc     0x0000000000000be2       0x44 build/default/debug/Audio_PMW.o
 .debug_loc     0x0000000000000c26       0x2c c:/program files/microchip/xc32/v4.45/bin/bin/../../lib/gcc/pic32mx/8.3.1/../../../../pic32mx/lib\libpic32.a(default-bootstrap-exception-handler.o)
 .debug_loc     0x0000000000000c52       0x2c c:/program files/microchip/xc32/v4.45/bin/bin/../../lib/gcc/pic32mx/8.3.1/../../../../pic32mx/lib\libpic32.a(default-general-exception-handler.o)
 .debug_loc     0x0000000000000c7e       0x44 c:/program files/microchip/xc32/v4.45/bin/bin/../../lib/gcc/pic32mx/8.3.1/../../../../pic32mx/lib\libc-size-musl.a(strcmp.o)
 .debug_loc     0x0000000000000cc2       0x84 c:/program files/microchip/xc32/v4.45/bin/bin/../../lib/gcc/pic32mx/8.3.1/../../../../pic32mx/lib\libc-musl.a(__sio_snprintf_dn.o)
 .debug_loc     0x0000000000000d46       0x5f c:/program files/microchip/xc32/v4.45/bin/bin/../../lib/gcc/pic32mx/8.3.1/../../../../pic32mx/lib\libc-musl.a(__sio_sprintf_dn.o)
 .debug_loc     0x0000000000000da5      0x241 c:/program files/microchip/xc32/v4.45/bin/bin/../../lib/gcc/pic32mx/8.3.1/../../../../pic32mx/lib\libc-musl.a(__fmt_d.o)
 .debug_loc     0x0000000000000fe6       0x40 c:/program files/microchip/xc32/v4.45/bin/bin/../../lib/gcc/pic32mx/8.3.1/../../../../pic32mx/lib\libc-musl.a(__pop_ptr.o)
 .debug_loc     0x0000000000001026      0x56c c:/program files/microchip/xc32/v4.45/bin/bin/../../lib/gcc/pic32mx/8.3.1/../../../../pic32mx/lib\libc-musl.a(__printf_core.o)
 .debug_loc     0x0000000000001592       0xbe c:/program files/microchip/xc32/v4.45/bin/bin/../../lib/gcc/pic32mx/8.3.1/../../../../pic32mx/lib\libc-musl.a(atoi.o)
 .debug_loc     0x0000000000001650      0x113 c:/program files/microchip/xc32/v4.45/bin/bin/../../lib/gcc/pic32mx/8.3.1/../../../../pic32mx/lib\libc-musl.a(__int_vsnprintf.o)
 .debug_loc     0x0000000000001763       0x89 c:/program files/microchip/xc32/v4.45/bin/bin/../../lib/gcc/pic32mx/8.3.1/../../../../pic32mx/lib\libc-musl.a(__int_vsprintf.o)
 .debug_loc     0x00000000000017ec      0x1fe c:/program files/microchip/xc32/v4.45/bin/bin/../../lib/gcc/pic32mx/8.3.1/../../../../pic32mx/lib\libc-musl.a(__cvt_u.o)
 .debug_loc     0x00000000000019ea       0x9f c:/program files/microchip/xc32/v4.45/bin/bin/../../lib/gcc/pic32mx/8.3.1/../../../../pic32mx/lib\libc-musl.a(__int_vfprintf.o)
 .debug_loc     0x0000000000001a89      0x9f5 c:/program files/microchip/xc32/v4.45/bin/bin/../../lib/gcc/pic32mx/8.3.1\libgcc.a(_udivdi3.o)
 .debug_loc     0x000000000000247e      0x99a c:/program files/microchip/xc32/v4.45/bin/bin/../../lib/gcc/pic32mx/8.3.1\libgcc.a(_umoddi3.o)
 .debug_loc     0x0000000000002e18       0xd6 c:/program files/microchip/xc32/v4.45/bin/bin/../../lib/gcc/pic32mx/8.3.1/../../../../pic32mx/lib\libc-size-musl.a(memcpy.o)
 .debug_loc     0x0000000000002eee       0xb6 c:/program files/microchip/xc32/v4.45/bin/bin/../../lib/gcc/pic32mx/8.3.1/../../../../pic32mx/lib\libc-size-musl.a(memset.o)
 .debug_loc     0x0000000000002fa4       0x44 c:/program files/microchip/xc32/v4.45/bin/bin/../../lib/gcc/pic32mx/8.3.1/../../../../pic32mx/lib\libc-size-musl.a(strlen.o)

.debug_macinfo
 *.elf(.debug_macinfo)
 *(.debug_macinfo)

.debug_weaknames
 *.elf(.debug_weaknames)
 *(.debug_weaknames)

.debug_funcnames
 *.elf(.debug_funcnames)
 *(.debug_funcnames)

.debug_typenames
 *.elf(.debug_typenames)
 *(.debug_typenames)

.debug_varnames
 *.elf(.debug_varnames)
 *(.debug_varnames)

.debug_pubtypes
 *.elf(.debug_pubtypes)
 *(.debug_pubtypes)

.debug_ranges   0x0000000000000000      0x448
 *.elf(.debug_ranges)
 *(.debug_ranges)
 .debug_ranges  0x0000000000000000       0x10 c:/program files/microchip/xc32/v4.45/bin/bin/../../lib/gcc/pic32mx/8.3.1/../../../../pic32mx/lib\software-debug-break.o
 .debug_ranges  0x0000000000000010       0x38 C:\Users\roeld\AppData\Local\Temp\ccN12fBi.o
 .debug_ranges  0x0000000000000048       0x10 c:/program files/microchip/xc32/v4.45/bin/bin/../../lib/gcc/pic32mx/8.3.1/../../../../pic32mx/lib\libpic32.a(default-bootstrap-exception-handler.o)
 .debug_ranges  0x0000000000000058       0x10 c:/program files/microchip/xc32/v4.45/bin/bin/../../lib/gcc/pic32mx/8.3.1/../../../../pic32mx/lib\libpic32.a(default-on-reset.o)
 .debug_ranges  0x0000000000000068       0x10 c:/program files/microchip/xc32/v4.45/bin/bin/../../lib/gcc/pic32mx/8.3.1/../../../../pic32mx/lib\libpic32.a(default-on-bootstrap.o)
 .debug_ranges  0x0000000000000078       0x10 c:/program files/microchip/xc32/v4.45/bin/bin/../../lib/gcc/pic32mx/8.3.1/../../../../pic32mx/lib\libpic32.a(default-general-exception-handler.o)
 .debug_ranges  0x0000000000000088       0x10 c:/program files/microchip/xc32/v4.45/bin/bin/../../lib/gcc/pic32mx/8.3.1/../../../../pic32mx/lib\libpic32.a(defaultinterrupt.o)
 .debug_ranges  0x0000000000000098       0x10 c:/program files/microchip/xc32/v4.45/bin/bin/../../lib/gcc/pic32mx/8.3.1/../../../../pic32mx/lib\libc-size-musl.a(strcmp.o)
 .debug_ranges  0x00000000000000a8       0x18 c:/program files/microchip/xc32/v4.45/bin/bin/../../lib/gcc/pic32mx/8.3.1/../../../../pic32mx/lib\libc-musl.a(__sio_snprintf_dn.o)
 .debug_ranges  0x00000000000000c0       0x18 c:/program files/microchip/xc32/v4.45/bin/bin/../../lib/gcc/pic32mx/8.3.1/../../../../pic32mx/lib\libc-musl.a(__sio_sprintf_dn.o)
 .debug_ranges  0x00000000000000d8       0x10 c:/program files/microchip/xc32/v4.45/bin/bin/../../lib/gcc/pic32mx/8.3.1/../../../../pic32mx/lib\libc-musl.a(__fmt_d.o)
 .debug_ranges  0x00000000000000e8       0x10 c:/program files/microchip/xc32/v4.45/bin/bin/../../lib/gcc/pic32mx/8.3.1/../../../../pic32mx/lib\libc-musl.a(__pop_int.o)
 .debug_ranges  0x00000000000000f8       0x10 c:/program files/microchip/xc32/v4.45/bin/bin/../../lib/gcc/pic32mx/8.3.1/../../../../pic32mx/lib\libc-musl.a(__pop_ptr.o)
 .debug_ranges  0x0000000000000108       0xe8 c:/program files/microchip/xc32/v4.45/bin/bin/../../lib/gcc/pic32mx/8.3.1/../../../../pic32mx/lib\libc-musl.a(__printf_core.o)
 .debug_ranges  0x00000000000001f0       0x28 c:/program files/microchip/xc32/v4.45/bin/bin/../../lib/gcc/pic32mx/8.3.1/../../../../pic32mx/lib\libc-musl.a(atoi.o)
 .debug_ranges  0x0000000000000218       0x18 c:/program files/microchip/xc32/v4.45/bin/bin/../../lib/gcc/pic32mx/8.3.1/../../../../pic32mx/lib\libc-musl.a(tolower.o)
 .debug_ranges  0x0000000000000230       0x10 c:/program files/microchip/xc32/v4.45/bin/bin/../../lib/gcc/pic32mx/8.3.1/../../../../pic32mx/lib\libc-musl.a(__int_vsnprintf.o)
 .debug_ranges  0x0000000000000240       0x10 c:/program files/microchip/xc32/v4.45/bin/bin/../../lib/gcc/pic32mx/8.3.1/../../../../pic32mx/lib\libc-musl.a(__int_vsprintf.o)
 .debug_ranges  0x0000000000000250       0x10 c:/program files/microchip/xc32/v4.45/bin/bin/../../lib/gcc/pic32mx/8.3.1/../../../../pic32mx/lib\libc-musl.a(__cvt_u.o)
 .debug_ranges  0x0000000000000260       0x10 c:/program files/microchip/xc32/v4.45/bin/bin/../../lib/gcc/pic32mx/8.3.1/../../../../pic32mx/lib\libc-musl.a(__pop_float.o)
 .debug_ranges  0x0000000000000270       0x10 c:/program files/microchip/xc32/v4.45/bin/bin/../../lib/gcc/pic32mx/8.3.1/../../../../pic32mx/lib\libc-musl.a(__int_vfprintf.o)
 .debug_ranges  0x0000000000000280       0xd8 c:/program files/microchip/xc32/v4.45/bin/bin/../../lib/gcc/pic32mx/8.3.1\libgcc.a(_udivdi3.o)
 .debug_ranges  0x0000000000000358       0xc0 c:/program files/microchip/xc32/v4.45/bin/bin/../../lib/gcc/pic32mx/8.3.1\libgcc.a(_umoddi3.o)
 .debug_ranges  0x0000000000000418       0x10 c:/program files/microchip/xc32/v4.45/bin/bin/../../lib/gcc/pic32mx/8.3.1/../../../../pic32mx/lib\libc-size-musl.a(memcpy.o)
 .debug_ranges  0x0000000000000428       0x10 c:/program files/microchip/xc32/v4.45/bin/bin/../../lib/gcc/pic32mx/8.3.1/../../../../pic32mx/lib\libc-size-musl.a(memset.o)
 .debug_ranges  0x0000000000000438       0x10 c:/program files/microchip/xc32/v4.45/bin/bin/../../lib/gcc/pic32mx/8.3.1/../../../../pic32mx/lib\libc-size-musl.a(strlen.o)

.gnu.attributes
                0x0000000000000000       0x10
 *(.gnu.attributes)
 .gnu.attributes
                0x0000000000000000       0x10 c:/program files/microchip/xc32/v4.45/bin/bin/../../lib/gcc/pic32mx/8.3.1/../../../../pic32mx/lib\software-debug-break.o
 .gnu.attributes
                0x0000000000000010       0x10 build/default/debug/LCD.o
 .gnu.attributes
                0x0000000000000020       0x10 build/default/debug/Timer.o
 .gnu.attributes
                0x0000000000000030       0x10 build/default/debug/i2c.o
 .gnu.attributes
                0x0000000000000040       0x10 build/default/debug/Uart.o
 .gnu.attributes
                0x0000000000000050       0x10 build/default/debug/newmain.o
 .gnu.attributes
                0x0000000000000060       0x10 build/default/debug/ADC.o
 .gnu.attributes
                0x0000000000000070       0x10 build/default/debug/Pin.o
 .gnu.attributes
                0x0000000000000080       0x10 build/default/debug/spi.o
 .gnu.attributes
                0x0000000000000090       0x10 build/default/debug/TSL2561.o
 .gnu.attributes
                0x00000000000000a0       0x10 build/default/debug/Audio_PMW.o
 .gnu.attributes
                0x00000000000000b0       0x10 C:\Users\roeld\AppData\Local\Temp\ccN12fBi.o
 .gnu.attributes
                0x00000000000000c0       0x10 C:\Users\roeld\AppData\Local\Temp\ccw35qSJ.o
 .gnu.attributes
                0x00000000000000d0       0x10 C:\Users\roeld\AppData\Local\Temp\ccxIoO5r.o
 .gnu.attributes
                0x00000000000000e0       0x10 c:/program files/microchip/xc32/v4.45/bin/bin/../../lib/gcc/pic32mx/8.3.1/../../../../pic32mx/lib\pic32_software_reset.o
 .gnu.attributes